Component: Arm Compiler for Embedded 6.23 Tool: armlink [5f102400]

==============================================================================

Section Cross References

    startup_stm32f407xx.o(RESET) refers to startup_stm32f407xx.o(STACK) for __initial_sp
    startup_stm32f407xx.o(RESET) refers to startup_stm32f407xx.o(.text) for Reset_Handler
    startup_stm32f407xx.o(RESET) refers to stm32f4xx_it.o(.text.NMI_Handler) for NMI_Handler
    startup_stm32f407xx.o(RESET) refers to stm32f4xx_it.o(.text.HardFault_Handler) for HardFault_Handler
    startup_stm32f407xx.o(RESET) refers to stm32f4xx_it.o(.text.MemManage_Handler) for MemManage_Handler
    startup_stm32f407xx.o(RESET) refers to stm32f4xx_it.o(.text.BusFault_Handler) for BusFault_Handler
    startup_stm32f407xx.o(RESET) refers to stm32f4xx_it.o(.text.UsageFault_Handler) for UsageFault_Handler
    startup_stm32f407xx.o(RESET) refers to port.o(.text.SVC_Handler) for SVC_Handler
    startup_stm32f407xx.o(RESET) refers to stm32f4xx_it.o(.text.DebugMon_Handler) for DebugMon_Handler
    startup_stm32f407xx.o(RESET) refers to port.o(.text.PendSV_Handler) for PendSV_Handler
    startup_stm32f407xx.o(RESET) refers to cmsis_os2.o(.text.SysTick_Handler) for SysTick_Handler
    startup_stm32f407xx.o(RESET) refers to stm32f4xx_it.o(.text.TIM6_DAC_IRQHandler) for TIM6_DAC_IRQHandler
    startup_stm32f407xx.o(.text) refers to system_stm32f4xx.o(.text.SystemInit) for SystemInit
    startup_stm32f407xx.o(.text) refers to entry.o(.ARM.Collect$$$$00000000) for __main
    main.o(.text.main) refers to stm32f4xx_hal.o(.text.HAL_Init) for HAL_Init
    main.o(.text.main) refers to main.o(.text.SystemClock_Config) for SystemClock_Config
    main.o(.text.main) refers to gpio.o(.text.MX_GPIO_Init) for MX_GPIO_Init
    main.o(.text.main) refers to usart.o(.text.MX_USART1_UART_Init) for MX_USART1_UART_Init
    main.o(.text.main) refers to lcd.o(.text.lcd_init) for lcd_init
    main.o(.text.main) refers to cmsis_os2.o(.text.osKernelInitialize) for osKernelInitialize
    main.o(.text.main) refers to freertos.o(.text.MX_FREERTOS_Init) for MX_FREERTOS_Init
    main.o(.text.main) refers to cmsis_os2.o(.text.osKernelStart) for osKernelStart
    main.o(.ARM.exidx.text.main) refers to main.o(.text.main) for [Anonymous Symbol]
    main.o(.text.SystemClock_Config) refers to memseta.o(.text) for __aeabi_memclr4
    main.o(.text.SystemClock_Config) refers to stm32f4xx_hal_rcc.o(.text.HAL_RCC_OscConfig) for HAL_RCC_OscConfig
    main.o(.text.SystemClock_Config) refers to stm32f4xx_hal_rcc.o(.text.HAL_RCC_ClockConfig) for HAL_RCC_ClockConfig
    main.o(.ARM.exidx.text.SystemClock_Config) refers to main.o(.text.SystemClock_Config) for [Anonymous Symbol]
    main.o(.ARM.exidx.text.Error_Handler) refers to main.o(.text.Error_Handler) for [Anonymous Symbol]
    main.o(.text.fputc) refers to usart.o(.bss.huart1) for huart1
    main.o(.text.fputc) refers to stm32f4xx_hal_uart.o(.text.HAL_UART_Transmit) for HAL_UART_Transmit
    main.o(.ARM.exidx.text.fputc) refers to main.o(.text.fputc) for [Anonymous Symbol]
    main.o(.text.HAL_TIM_PeriodElapsedCallback) refers to stm32f4xx_hal.o(.text.HAL_IncTick) for HAL_IncTick
    main.o(.ARM.exidx.text.HAL_TIM_PeriodElapsedCallback) refers to main.o(.text.HAL_TIM_PeriodElapsedCallback) for [Anonymous Symbol]
    gpio.o(.ARM.exidx.text.MX_GPIO_Init) refers to gpio.o(.text.MX_GPIO_Init) for [Anonymous Symbol]
    freertos.o(.text.MX_FREERTOS_Init) refers to freertos.o(.rodata.sendQueue01_attributes) for sendQueue01_attributes
    freertos.o(.text.MX_FREERTOS_Init) refers to cmsis_os2.o(.text.osMessageQueueNew) for osMessageQueueNew
    freertos.o(.text.MX_FREERTOS_Init) refers to freertos.o(.bss..L_MergedGlobals) for .L_MergedGlobals
    freertos.o(.text.MX_FREERTOS_Init) refers to freertos.o(.text.StartDefaultTask) for StartDefaultTask
    freertos.o(.text.MX_FREERTOS_Init) refers to freertos.o(.rodata.defaultTask_attributes) for defaultTask_attributes
    freertos.o(.text.MX_FREERTOS_Init) refers to cmsis_os2.o(.text.osThreadNew) for osThreadNew
    freertos.o(.text.MX_FREERTOS_Init) refers to freertos.o(.text.StartTask02) for StartTask02
    freertos.o(.text.MX_FREERTOS_Init) refers to freertos.o(.rodata.sendTask02_attributes) for sendTask02_attributes
    freertos.o(.ARM.exidx.text.MX_FREERTOS_Init) refers to freertos.o(.text.MX_FREERTOS_Init) for [Anonymous Symbol]
    freertos.o(.text.StartDefaultTask) refers to cmsis_os2.o(.text.osDelay) for osDelay
    freertos.o(.ARM.exidx.text.StartDefaultTask) refers to freertos.o(.text.StartDefaultTask) for [Anonymous Symbol]
    freertos.o(.text.StartTask02) refers to puts.o(i.puts) for puts
    freertos.o(.text.StartTask02) refers to cmsis_os2.o(.text.osDelay) for osDelay
    freertos.o(.ARM.exidx.text.StartTask02) refers to freertos.o(.text.StartTask02) for [Anonymous Symbol]
[...]
    FastMathFunctions.c                      0x00000000   Number         0  fastmathfunctions.o ABSOLUTE
    FastMathFunctionsF16.c                   0x00000000   Number         0  fastmathfunctionsf16.o ABSOLUTE
    FilteringFunctions.c                     0x00000000   Number         0  filteringfunctions.o ABSOLUTE
    FilteringFunctionsF16.c                  0x00000000   Number         0  filteringfunctionsf16.o ABSOLUTE
    InterpolationFunctions.c                 0x00000000   Number         0  interpolationfunctions.o ABSOLUTE
    InterpolationFunctionsF16.c              0x00000000   Number         0  interpolationfunctionsf16.o ABSOLUTE
    MatrixFunctions.c                        0x00000000   Number         0  matrixfunctions.o ABSOLUTE
    MatrixFunctionsF16.c                     0x00000000   Number         0  matrixfunctionsf16.o ABSOLUTE
    QuaternionMathFunctions.c                0x00000000   Number         0  quaternionmathfunctions.o ABSOLUTE
    SVMFunctions.c                           0x00000000   Number         0  svmfunctions.o ABSOLUTE
    SVMFunctionsF16.c                        0x00000000   Number         0  svmfunctionsf16.o ABSOLUTE
    StatisticsFunctions.c                    0x00000000   Number         0  statisticsfunctions.o ABSOLUTE
    StatisticsFunctionsF16.c                 0x00000000   Number         0  statisticsfunctionsf16.o ABSOLUTE
    SupportFunctions.c                       0x00000000   Number         0  supportfunctions.o ABSOLUTE
    SupportFunctionsF16.c                    0x00000000   Number         0  supportfunctionsf16.o ABSOLUTE
    TransformFunctions.c                     0x00000000   Number         0  transformfunctions.o ABSOLUTE
    TransformFunctionsF16.c                  0x00000000   Number         0  transformfunctionsf16.o ABSOLUTE
    WindowFunctions.c                        0x00000000   Number         0  windowfunctions.o ABSOLUTE
    cdcmple.s                                0x00000000   Number         0  cdcmple.o ABSOLUTE
    cdrcmple.s                               0x00000000   Number         0  cdrcmple.o ABSOLUTE
    cmsis_os2.c                              0x00000000   Number         0  cmsis_os2.o ABSOLUTE
    croutine.c                               0x00000000   Number         0  croutine.o ABSOLUTE
    dc.s                                     0x00000000   Number         0  dc.o ABSOLUTE
    event_groups.c                           0x00000000   Number         0  event_groups.o ABSOLUTE
    freertos.c                               0x00000000   Number         0  freertos.o ABSOLUTE
    gpio.c                                   0x00000000   Number         0  gpio.o ABSOLUTE
    handlers.s                               0x00000000   Number         0  handlers.o ABSOLUTE
    heap_4.c                                 0x00000000   Number         0  heap_4.o ABSOLUTE
    init.s                                   0x00000000   Number         0  init.o ABSOLUTE
    lcd.c                                    0x00000000   Number         0  lcd.o ABSOLUTE
    list.c                                   0x00000000   Number         0  list.o ABSOLUTE
    main.c                                   0x00000000   Number         0  main.o ABSOLUTE
    port.c                                   0x00000000   Number         0  port.o ABSOLUTE
    queue.c                                  0x00000000   Number         0  queue.o ABSOLUTE
    startup_stm32f407xx.s                    0x00000000   Number         0  startup_stm32f407xx.o ABSOLUTE
    stm32f4xx_hal.c                          0x00000000   Number         0  stm32f4xx_hal.o ABSOLUTE
    stm32f4xx_hal_cortex.c                   0x00000000   Number         0  stm32f4xx_hal_cortex.o ABSOLUTE
    stm32f4xx_hal_dma.c                      0x00000000   Number         0  stm32f4xx_hal_dma.o ABSOLUTE
    stm32f4xx_hal_dma_ex.c                   0x00000000   Number         0  stm32f4xx_hal_dma_ex.o ABSOLUTE
    stm32f4xx_hal_exti.c                     0x00000000   Number         0  stm32f4xx_hal_exti.o ABSOLUTE
    stm32f4xx_hal_flash.c                    0x00000000   Number         0  stm32f4xx_hal_flash.o ABSOLUTE
    stm32f4xx_hal_flash_ex.c                 0x00000000   Number         0  stm32f4xx_hal_flash_ex.o ABSOLUTE
    stm32f4xx_hal_flash_ramfunc.c            0x00000000   Number         0  stm32f4xx_hal_flash_ramfunc.o ABSOLUTE
    stm32f4xx_hal_gpio.c                     0x00000000   Number         0  stm32f4xx_hal_gpio.o ABSOLUTE
    stm32f4xx_hal_msp.c                      0x00000000   Number         0  stm32f4xx_hal_msp.o ABSOLUTE
    stm32f4xx_hal_pwr.c                      0x00000000   Number         0  stm32f4xx_hal_pwr.o ABSOLUTE
    stm32f4xx_hal_pwr_ex.c                   0x00000000   Number         0  stm32f4xx_hal_pwr_ex.o ABSOLUTE
    stm32f4xx_hal_rcc.c                      0x00000000   Number         0  stm32f4xx_hal_rcc.o ABSOLUTE
    stm32f4xx_hal_rcc_ex.c                   0x00000000   Number         0  stm32f4xx_hal_rcc_ex.o ABSOLUTE
    stm32f4xx_hal_sram.c                     0x00000000   Number         0  stm32f4xx_hal_sram.o ABSOLUTE
    stm32f4xx_hal_tim.c                      0x00000000   Number         0  stm32f4xx_hal_tim.o ABSOLUTE
    stm32f4xx_hal_tim_ex.c                   0x00000000   Number         0  stm32f4xx_hal_tim_ex.o ABSOLUTE
    stm32f4xx_hal_timebase_tim.c             0x00000000   Number         0  stm32f4xx_hal_timebase_tim.o ABSOLUTE
    stm32f4xx_hal_uart.c                     0x00000000   Number         0  stm32f4xx_hal_uart.o ABSOLUTE
    stm32f4xx_it.c                           0x00000000   Number         0  stm32f4xx_it.o ABSOLUTE
    stm32f4xx_ll_fsmc.c                      0x00000000   Number         0  stm32f4xx_ll_fsmc.o ABSOLUTE
    stream_buffer.c                          0x00000000   Number         0  stream_buffer.o ABSOLUTE
    system_stm32f4xx.c                       0x00000000   Number         0  system_stm32f4xx.o ABSOLUTE
    tasks.c                                  0x00000000   Number         0  tasks.o ABSOLUTE
    timers.c                                 0x00000000   Number         0  timers.o ABSOLUTE
    usart.c                                  0x00000000   Number         0  usart.o ABSOLUTE
    RESET                                    0x08000000   Section      392  startup_stm32f407xx.o(RESET)
    .ARM.Collect$$$$00000000                 0x08000188   Section        0  entry.o(.ARM.Collect$$$$00000000)
    .ARM.Collect$$$$00000001                 0x08000188   Section        4  entry2.o(.ARM.Collect$$$$00000001)
    .ARM.Collect$$$$00000004                 0x0800018c   Section        4  entry5.o(.ARM.Collect$$$$00000004)
    .ARM.Collect$$$$00000008                 0x08000190   Section        0  entry7b.o(.ARM.Collect$$$$00000008)
    .ARM.Collect$$$$0000000A                 0x08000190   Section        0  entry8b.o(.ARM.Collect$$$$0000000A)
    .ARM.Collect$$$$0000000B                 0x08000190   Section        8  entry9a.o(.ARM.Collect$$$$0000000B)
    __lit__00000000                          0x08000198   Data           4  entry2.o(.ARM.Collect$$$$00002712)
    .ARM.Collect$$$$0000000D                 0x08000198   Section        0  entry10a.o(.ARM.Collect$$$$0000000D)
    .ARM.Collect$$$$0000000F                 0x08000198   Section        0  entry11a.o(.ARM.Collect$$$$0000000F)
    .ARM.Collect$$$$00002712                 0x08000198   Section        4  entry2.o(.ARM.Collect$$$$00002712)
    $v0                                      0x0800019c   Number         0  startup_stm32f407xx.o(.text)
    .text                                    0x0800019c   Section       36  startup_stm32f407xx.o(.text)
    .text                                    0x080001c0   Section        0  uldiv.o(.text)
    .text                                    0x08000222   Section        0  memcpya.o(.text)
    .text                                    0x08000246   Section        0  memseta.o(.text)
    .text                                    0x0800026a   Section        0  llshl.o(.text)
    .text                                    0x08000288   Section        0  llushr.o(.text)
    .text                                    0x080002a8   Section       48  init.o(.text)
    [Anonymous Symbol]                       0x080002d8   Section        0  stm32f4xx_it.o(.text.BusFault_Handler)
    [Anonymous Symbol]                       0x080002dc   Section        0  stm32f4xx_it.o(.text.DebugMon_Handler)
    [Anonymous Symbol]                       0x080002e0   Section        0  main.o(.text.Error_Handler)
    [Anonymous Symbol]                       0x080002e8   Section        0  stm32f4xx_ll_fsmc.o(.text.FSMC_NORSRAM_Extended_Timing_Init)
    [Anonymous Symbol]                       0x08000338   Section        0  stm32f4xx_ll_fsmc.o(.text.FSMC_NORSRAM_Init)
    [Anonymous Symbol]                       0x080003c0   Section        0  stm32f4xx_ll_fsmc.o(.text.FSMC_NORSRAM_Timing_Init)
    [Anonymous Symbol]                       0x080003fc   Section        0  stm32f4xx_hal.o(.text.HAL_Delay)
    [Anonymous Symbol]                       0x08000424   Section        0  stm32f4xx_hal_gpio.o(.text.HAL_GPIO_Init)
    [Anonymous Symbol]                       0x080005c4   Section        0  stm32f4xx_hal_gpio.o(.text.HAL_GPIO_WritePin)
    [Anonymous Symbol]                       0x080005d0   Section        0  stm32f4xx_hal.o(.text.HAL_GetTick)
    [Anonymous Symbol]                       0x080005dc   Section        0  stm32f4xx_hal.o(.text.HAL_IncTick)
    [Anonymous Symbol]                       0x080005f8   Section        0  stm32f4xx_hal.o(.text.HAL_Init)
    [Anonymous Symbol]                       0x08000630   Section        0  stm32f4xx_hal_timebase_tim.o(.text.HAL_InitTick)
    [Anonymous Symbol]                       0x080006e4   Section        0  stm32f4xx_hal_msp.o(.text.HAL_MspInit)
    [Anonymous Symbol]                       0x08000728   Section        0  stm32f4xx_hal_cortex.o(.text.HAL_NVIC_EnableIRQ)
    [Anonymous Symbol]                       0x0800074c   Section        0  stm32f4xx_hal_cortex.o(.text.HAL_NVIC_SetPriority)
    [Anonymous Symbol]                       0x080007a4   Section        0  stm32f4xx_hal_cortex.o(.text.HAL_NVIC_SetPriorityGrouping)
    [Anonymous Symbol]                       0x080007c4   Section        0  stm32f4xx_hal_rcc.o(.text.HAL_RCC_ClockConfig)
    [Anonymous Symbol]                       0x08000928   Section        0  stm32f4xx_hal_rcc.o(.text.HAL_RCC_GetClockConfig)
    [Anonymous Symbol]                       0x08000968   Section        0  stm32f4xx_hal_rcc.o(.text.HAL_RCC_GetPCLK1Freq)
    [Anonymous Symbol]                       0x08000990   Section        0  stm32f4xx_hal_rcc.o(.text.HAL_RCC_GetPCLK2Freq)
    [Anonymous Symbol]                       0x080009b8   Section        0  stm32f4xx_hal_rcc.o(.text.HAL_RCC_GetSysClockFreq)
    [Anonymous Symbol]                       0x08000a28   Section        0  stm32f4xx_hal_rcc.o(.text.HAL_RCC_OscConfig)
    [Anonymous Symbol]                       0x08000dd4   Section        0  stm32f4xx_hal_sram.o(.text.HAL_SRAM_Init)
    [Anonymous Symbol]                       0x08000e30   Section        0  lcd.o(.text.HAL_SRAM_MspInit)
    [Anonymous Symbol]                       0x08000eb4   Section        0  stm32f4xx_hal_tim_ex.o(.text.HAL_TIMEx_BreakCallback)
    [Anonymous Symbol]                       0x08000eb8   Section        0  stm32f4xx_hal_tim_ex.o(.text.HAL_TIMEx_CommutCallback)
    [Anonymous Symbol]                       0x08000ebc   Section        0  stm32f4xx_hal_tim.o(.text.HAL_TIM_Base_Init)
    [Anonymous Symbol]                       0x08000f18   Section        0  stm32f4xx_hal_tim.o(.text.HAL_TIM_Base_MspInit)
    [Anonymous Symbol]                       0x08000f1c   Section        0  stm32f4xx_hal_tim.o(.text.HAL_TIM_Base_Start_IT)
    [Anonymous Symbol]                       0x08000fc8   Section        0  stm32f4xx_hal_tim.o(.text.HAL_TIM_IC_CaptureCallback)
    [Anonymous Symbol]                       0x08000fcc   Section        0  stm32f4xx_hal_tim.o(.text.HAL_TIM_IRQHandler)
    [Anonymous Symbol]                       0x0800111c   Section        0  stm32f4xx_hal_tim.o(.text.HAL_TIM_OC_DelayElapsedCallback)
    [Anonymous Symbol]                       0x08001120   Section        0  stm32f4xx_hal_tim.o(.text.HAL_TIM_PWM_PulseFinishedCallback)
    [Anonymous Symbol]                       0x08001124   Section        0  main.o(.text.HAL_TIM_PeriodElapsedCallback)
    [Anonymous Symbol]                       0x08001138   Section        0  stm32f4xx_hal_tim.o(.text.HAL_TIM_TriggerCallback)
    [Anonymous Symbol]                       0x0800113c   Section        0  stm32f4xx_hal_uart.o(.text.HAL_UART_Init)
    [Anonymous Symbol]                       0x0800119c   Section        0  usart.o(.text.HAL_UART_MspInit)
    [Anonymous Symbol]                       0x08001214   Section        0  stm32f4xx_hal_uart.o(.text.HAL_UART_Transmit)
    [Anonymous Symbol]                       0x080013a8   Section        0  stm32f4xx_it.o(.text.HardFault_Handler)
    [Anonymous Symbol]                       0x080013ac   Section        0  freertos.o(.text.MX_FREERTOS_Init)
    [Anonymous Symbol]                       0x080013fc   Section        0  gpio.o(.text.MX_GPIO_Init)
    [Anonymous Symbol]                       0x08001434   Section        0  usart.o(.text.MX_USART1_UART_Init)
    [Anonymous Symbol]                       0x08001470   Section        0  stm32f4xx_it.o(.text.MemManage_Handler)
    [Anonymous Symbol]                       0x08001474   Section        0  stm32f4xx_it.o(.text.NMI_Handler)
    [Anonymous Symbol]                       0x08001480   Section        0  port.o(.text.PendSV_Handler)
    pxCurrentTCBConst                        0x080014e0   Number         0  port.o(.text.PendSV_Handler)
    [Anonymous Symbol]                       0x080014f0   Section        0  port.o(.text.SVC_Handler)
    pxCurrentTCBConst2                       0x08001510   Number         0  port.o(.text.SVC_Handler)
    [Anonymous Symbol]                       0x08001514   Section        0  freertos.o(.text.StartDefaultTask)
    [Anonymous Symbol]                       0x0800151c   Section        0  freertos.o(.text.StartTask02)
    [Anonymous Symbol]                       0x08001534   Section        0  cmsis_os2.o(.text.SysTick_Handler)
    [Anonymous Symbol]                       0x08001554   Section        0  main.o(.text.SystemClock_Config)
    [Anonymous Symbol]                       0x080015fc   Section        0  system_stm32f4xx.o(.text.SystemInit)
    [Anonymous Symbol]                       0x08001610   Section        0  stm32f4xx_it.o(.text.TIM6_DAC_IRQHandler)
    [Anonymous Symbol]                       0x0800161c   Section        0  stm32f4xx_hal_tim.o(.text.TIM_Base_SetConfig)
    UART_SetConfig                           0x08001759   Thumb Code   230  stm32f4xx_hal_uart.o(.text.UART_SetConfig)
    [Anonymous Symbol]                       0x08001758   Section        0  stm32f4xx_hal_uart.o(.text.UART_SetConfig)
    [Anonymous Symbol]                       0x08001840   Section        0  stm32f4xx_it.o(.text.UsageFault_Handler)
    [Anonymous Symbol]                       0x08001844   Section        0  main.o(.text.fputc)
    [Anonymous Symbol]                       0x08001868   Section        0  lcd.o(.text.lcd_ex_ili9341_reginit)
    [Anonymous Symbol]                       0x08001f8c   Section        0  lcd.o(.text.lcd_ex_ili9806_reginit)
    [Anonymous Symbol]                       0x080029fc   Section        0  lcd.o(.text.lcd_ex_nt35310_reginit)
    [Anonymous Symbol]                       0x08005920   Section        0  lcd.o(.text.lcd_ex_nt35510_reginit)
    [Anonymous Symbol]                       0x08006764   Section        0  lcd.o(.text.lcd_ex_ssd1963_reginit)
    [Anonymous Symbol]                       0x08006bd0   Section        0  lcd.o(.text.lcd_ex_st7789_reginit)
    [Anonymous Symbol]                       0x0800714c   Section        0  lcd.o(.text.lcd_ex_st7796_reginit)
    [Anonymous Symbol]                       0x08007728   Section        0  lcd.o(.text.lcd_init)
    [Anonymous Symbol]                       0x08007d58   Section        0  lcd.o(.text.lcd_scan_dir)
    [Anonymous Symbol]                       0x08008058   Section        0  lcd.o(.text.lcd_set_cursor)
    [Anonymous Symbol]                       0x080082e4   Section        0  main.o(.text.main)
    [Anonymous Symbol]                       0x08008308   Section        0  cmsis_os2.o(.text.osDelay)
    [Anonymous Symbol]                       0x0800832c   Section        0  cmsis_os2.o(.text.osKernelInitialize)
    [Anonymous Symbol]                       0x08008354   Section        0  cmsis_os2.o(.text.osKernelStart)
    [Anonymous Symbol]                       0x08008390   Section        0  cmsis_os2.o(.text.osMessageQueueNew)
    [Anonymous Symbol]                       0x08008424   Section        0  cmsis_os2.o(.text.osThreadNew)
    prvAddNewTaskToReadyList                 0x080084bd   Thumb Code   650  tasks.o(.text.prvAddNewTaskToReadyList)
    [Anonymous Symbol]                       0x080084bc   Section        0  tasks.o(.text.prvAddNewTaskToReadyList)
    prvIdleTask                              0x08008749   Thumb Code   134  tasks.o(.text.prvIdleTask)
    [Anonymous Symbol]                       0x08008748   Section        0  tasks.o(.text.prvIdleTask)
    prvInitialiseNewTask                     0x080087d1   Thumb Code   260  tasks.o(.text.prvInitialiseNewTask)
    [Anonymous Symbol]                       0x080087d0   Section        0  tasks.o(.text.prvInitialiseNewTask)
    prvPortStartFirstTask                    0x080088d5   Thumb Code    40  port.o(.text.prvPortStartFirstTask)
    [Anonymous Symbol]                       0x080088d4   Section        0  port.o(.text.prvPortStartFirstTask)
    prvTaskExitError                         0x080088fd   Thumb Code    62  port.o(.text.prvTaskExitError)
    [Anonymous Symbol]                       0x080088fc   Section        0  port.o(.text.prvTaskExitError)
    prvTimerTask                             0x0800893d   Thumb Code   938  timers.o(.text.prvTimerTask)
    [Anonymous Symbol]                       0x0800893c   Section        0  timers.o(.text.prvTimerTask)
    prvUnlockQueue                           0x08008ce9   Thumb Code   116  queue.o(.text.prvUnlockQueue)
    [Anonymous Symbol]                       0x08008ce8   Section        0  queue.o(.text.prvUnlockQueue)
    [Anonymous Symbol]                       0x08008d5c   Section        0  heap_4.o(.text.pvPortMalloc)
    [Anonymous Symbol]                       0x08008f44   Section        0  port.o(.text.pxPortInitialiseStack)
    [Anonymous Symbol]                       0x08008f68   Section        0  list.o(.text.uxListRemove)
    [Anonymous Symbol]                       0x08008f8c   Section        0  cmsis_os2.o(.text.vApplicationGetIdleTaskMemory)
    [Anonymous Symbol]                       0x08008fa8   Section        0  cmsis_os2.o(.text.vApplicationGetTimerTaskMemory)
    [Anonymous Symbol]                       0x08008fc4   Section        0  list.o(.text.vListInitialise)
    [Anonymous Symbol]                       0x08008fdc   Section        0  list.o(.text.vListInitialiseItem)
    [Anonymous Symbol]                       0x08008fe4   Section        0  list.o(.text.vListInsert)
    [Anonymous Symbol]                       0x0800904c   Section        0  list.o(.text.vListInsertEnd)
    vPortEnableVFP                           0x08009069   Thumb Code    20  port.o(.text.vPortEnableVFP)
    [Anonymous Symbol]                       0x08009068   Section        0  port.o(.text.vPortEnableVFP)
    [Anonymous Symbol]                       0x0800907c   Section        0  port.o(.text.vPortEnterCritical)
    [Anonymous Symbol]                       0x080090c4   Section        0  port.o(.text.vPortExitCritical)
    [Anonymous Symbol]                       0x080090f4   Section        0  heap_4.o(.text.vPortFree)
    [Anonymous Symbol]                       0x080091d4   Section        0  port.o(.text.vPortSetupTimerInterrupt)
    [Anonymous Symbol]                       0x08009208   Section        0  queue.o(.text.vQueueAddToRegistry)
    [Anonymous Symbol]                       0x08009260   Section        0  queue.o(.text.vQueueWaitForMessageRestricted)
    [Anonymous Symbol]                       0x080092b4   Section        0  tasks.o(.text.vTaskDelay)
    [Anonymous Symbol]                       0x08009338   Section        0  tasks.o(.text.vTaskInternalSetTimeOutState)
    [Anonymous Symbol]                       0x0800934c   Section        0  tasks.o(.text.vTaskMissedYield)
    [Anonymous Symbol]                       0x0800935c   Section        0  tasks.o(.text.vTaskPlaceOnEventList)
    [Anonymous Symbol]                       0x080093d8   Section        0  tasks.o(.text.vTaskPlaceOnEventListRestricted)
    [Anonymous Symbol]                       0x08009458   Section        0  tasks.o(.text.vTaskStartScheduler)
    [Anonymous Symbol]                       0x08009548   Section        0  tasks.o(.text.vTaskSuspendAll)
    __tagsym$$used.0                         0x08009558   Number         0  tasks.o(.text.vTaskSwitchContext)
    [Anonymous Symbol]                       0x08009558   Section        0  tasks.o(.text.vTaskSwitchContext)
    [Anonymous Symbol]                       0x08009624   Section        0  port.o(.text.xPortStartScheduler)
    [Anonymous Symbol]                       0x080097e0   Section        0  port.o(.text.xPortSysTickHandler)
    [Anonymous Symbol]                       0x08009810   Section        0  queue.o(.text.xQueueGenericCreate)
    [Anonymous Symbol]                       0x08009894   Section        0  queue.o(.text.xQueueGenericCreateStatic)
    [Anonymous Symbol]                       0x08009970   Section        0  queue.o(.text.xQueueGenericSend)
    [Anonymous Symbol]                       0x08009c38   Section        0  queue.o(.text.xQueueReceive)
    [Anonymous Symbol]                       0x08009e84   Section        0  tasks.o(.text.xTaskCheckForTimeOut)
    [Anonymous Symbol]                       0x08009f24   Section        0  tasks.o(.text.xTaskCreate)
    [Anonymous Symbol]                       0x08009f84   Section        0  tasks.o(.text.xTaskCreateStatic)
    [Anonymous Symbol]                       0x08009ffc   Section        0  tasks.o(.text.xTaskGetSchedulerState)
    [Anonymous Symbol]                       0x0800a01c   Section        0  tasks.o(.text.xTaskGetTickCount)
    [Anonymous Symbol]                       0x0800a034   Section        0  tasks.o(.text.xTaskIncrementTick)
    [Anonymous Symbol]                       0x0800a138   Section        0  tasks.o(.text.xTaskPriorityDisinherit)
    [Anonymous Symbol]                       0x0800a1c8   Section        0  tasks.o(.text.xTaskRemoveFromEventList)
    [Anonymous Symbol]                       0x0800a23c   Section        0  tasks.o(.text.xTaskResumeAll)
    [Anonymous Symbol]                       0x0800a330   Section        0  timers.o(.text.xTimerCreateTimerTask)
    i.__0printf$5                            0x0800a3e4   Section        0  printf5.o(i.__0printf$5)
    i.__scatterload_copy                     0x0800a404   Section       14  handlers.o(i.__scatterload_copy)
    i.__scatterload_null                     0x0800a412   Section        2  handlers.o(i.__scatterload_null)
    i.__scatterload_zeroinit                 0x0800a414   Section       14  handlers.o(i.__scatterload_zeroinit)
    _printf_core                             0x0800a425   Thumb Code   658  printf5.o(i._printf_core)
    i._printf_core                           0x0800a424   Section        0  printf5.o(i._printf_core)
    i.puts                                   0x0800a6e4   Section        0  puts.o(i.puts)
    .Lswitch.table.lcd_scan_dir.1            0x0800a708   Data          14  lcd.o(.rodata..Lswitch.table.lcd_scan_dir.1)
    [Anonymous Symbol]                       0x0800a790   Section        0  freertos.o(.rodata.str1.1)
    .L.str.1                                 0x0800a7b3   Data           5  timers.o(.rodata.str1.1)
    [Anonymous Symbol]                       0x0800a7b3   Section        0  timers.o(.rodata.str1.1)
    .data                                    0x20000000   Section        4  stdout.o(.data)
    .L_MergedGlobals                         0x20000004   Data           8  stm32f4xx_hal.o(.data..L_MergedGlobals)
    [Anonymous Symbol]                       0x20000004   Section        0  stm32f4xx_hal.o(.data..L_MergedGlobals)
    uxCriticalNesting                        0x20000010   Data           4  port.o(.data.uxCriticalNesting)
    [Anonymous Symbol]                       0x20000010   Section        0  port.o(.data.uxCriticalNesting)
    .L_MergedGlobals                         0x20000018   Data          12  freertos.o(.bss..L_MergedGlobals)
    [Anonymous Symbol]                       0x20000018   Section        0  freertos.o(.bss..L_MergedGlobals)
    .L_MergedGlobals                         0x20000024   Data         100  lcd.o(.bss..L_MergedGlobals)
    [Anonymous Symbol]                       0x20000024   Section        0  lcd.o(.bss..L_MergedGlobals)
    .L_MergedGlobals                         0x20000088   Data         116  tasks.o(.bss..L_MergedGlobals)
    xTickCount                               0x20000088   Data           2  tasks.o(.bss..L_MergedGlobals)
    [Anonymous Symbol]                       0x20000088   Section        0  tasks.o(.bss..L_MergedGlobals)
    xNextTaskUnblockTime                     0x2000008a   Data           2  tasks.o(.bss..L_MergedGlobals)
    xPendedTicks                             0x2000008c   Data           2  tasks.o(.bss..L_MergedGlobals)
    uxTaskNumber                             0x20000094   Data           4  tasks.o(.bss..L_MergedGlobals)
    uxDeletedTasksWaitingCleanUp             0x20000098   Data           4  tasks.o(.bss..L_MergedGlobals)
    uxCurrentNumberOfTasks                   0x2000009c   Data           4  tasks.o(.bss..L_MergedGlobals)
    xSchedulerRunning                        0x200000a0   Data           4  tasks.o(.bss..L_MergedGlobals)
    uxSchedulerSuspended                     0x200000a4   Data           4  tasks.o(.bss..L_MergedGlobals)
    pxDelayedTaskList                        0x200000a8   Data           4  tasks.o(.bss..L_MergedGlobals)
    pxOverflowDelayedTaskList                0x200000ac   Data           4  tasks.o(.bss..L_MergedGlobals)
    uxTopReadyPriority                       0x200000b0   Data           4  tasks.o(.bss..L_MergedGlobals)
    xIdleTaskHandle                          0x200000b4   Data           4  tasks.o(.bss..L_MergedGlobals)
    xYieldPending                            0x200000b8   Data           4  tasks.o(.bss..L_MergedGlobals)
    xNumOfOverflows                          0x200000bc   Data           4  tasks.o(.bss..L_MergedGlobals)
    xTasksWaitingTermination                 0x200000c0   Data          20  tasks.o(.bss..L_MergedGlobals)
    xSuspendedTaskList                       0x200000d4   Data          20  tasks.o(.bss..L_MergedGlobals)
    xPendingReadyList                        0x200000e8   Data          20  tasks.o(.bss..L_MergedGlobals)
    .L_MergedGlobals                         0x200000fc   Data          60  timers.o(.bss..L_MergedGlobals)
    prvSampleTimeNow.xLastTime               0x200000fc   Data           2  timers.o(.bss..L_MergedGlobals)
    [Anonymous Symbol]                       0x200000fc   Section        0  timers.o(.bss..L_MergedGlobals)
    xTimerQueue                              0x20000100   Data           4  timers.o(.bss..L_MergedGlobals)
    xTimerTaskHandle                         0x20000104   Data           4  timers.o(.bss..L_MergedGlobals)
    pxCurrentTimerList                       0x20000108   Data           4  timers.o(.bss..L_MergedGlobals)
    pxOverflowTimerList                      0x2000010c   Data           4  timers.o(.bss..L_MergedGlobals)
    xActiveTimerList1                        0x20000110   Data          20  timers.o(.bss..L_MergedGlobals)
    xActiveTimerList2                        0x20000124   Data          20  timers.o(.bss..L_MergedGlobals)
    .L_MergedGlobals                         0x20000138   Data          32  heap_4.o(.bss..L_MergedGlobals)
    xBlockAllocatedBit                       0x20000138   Data           1  heap_4.o(.bss..L_MergedGlobals)
    [Anonymous Symbol]                       0x20000138   Section        0  heap_4.o(.bss..L_MergedGlobals)
    pxEnd                                    0x2000013c   Data           4  heap_4.o(.bss..L_MergedGlobals)
    xFreeBytesRemaining                      0x20000140   Data           4  heap_4.o(.bss..L_MergedGlobals)
    xMinimumEverFreeBytesRemaining           0x20000144   Data           4  heap_4.o(.bss..L_MergedGlobals)
    xNumberOfSuccessfulAllocations           0x20000148   Data           4  heap_4.o(.bss..L_MergedGlobals)
    xNumberOfSuccessfulFrees                 0x2000014c   Data           4  heap_4.o(.bss..L_MergedGlobals)
    xStart                                   0x20000150   Data           8  heap_4.o(.bss..L_MergedGlobals)
    .L_MergedGlobals                         0x20000158   Data           8  port.o(.bss..L_MergedGlobals)
    ucMaxSysCallPriority                     0x20000158   Data           1  port.o(.bss..L_MergedGlobals)
    [Anonymous Symbol]                       0x20000158   Section        0  port.o(.bss..L_MergedGlobals)
    ulMaxPRIGROUPValue                       0x2000015c   Data           4  port.o(.bss..L_MergedGlobals)
    .L_MergedGlobals.2                       0x20000160   Data          40  tasks.o(.bss..L_MergedGlobals.2)
    xDelayedTaskList1                        0x20000160   Data          20  tasks.o(.bss..L_MergedGlobals.2)
    [Anonymous Symbol]                       0x20000160   Section        0  tasks.o(.bss..L_MergedGlobals.2)
    xDelayedTaskList2                        0x20000174   Data          20  tasks.o(.bss..L_MergedGlobals.2)
    KernelState                              0x20000188   Data           4  cmsis_os2.o(.bss.KernelState)
    [Anonymous Symbol]                       0x20000188   Section        0  cmsis_os2.o(.bss.KernelState)
    prvCheckForValidListAndQueue.ucStaticTimerQueueStorage 0x2000021c   Data         160  timers.o(.bss.prvCheckForValidListAndQueue.ucStaticTimerQueueStorage)
    [Anonymous Symbol]                       0x2000021c   Section        0  timers.o(.bss.prvCheckForValidListAndQueue.ucStaticTimerQueueStorage)
    prvCheckForValidListAndQueue.xStaticTimerQueue 0x200002bc   Data          80  timers.o(.bss.prvCheckForValidListAndQueue.xStaticTimerQueue)
    [Anonymous Symbol]                       0x200002bc   Section        0  timers.o(.bss.prvCheckForValidListAndQueue.xStaticTimerQueue)
    pxReadyTasksLists                        0x2000030c   Data        1120  tasks.o(.bss.pxReadyTasksLists)
    [Anonymous Symbol]                       0x2000030c   Section        0  tasks.o(.bss.pxReadyTasksLists)
    ucHeap                                   0x2000076c   Data       15360  heap_4.o(.bss.ucHeap)
    [Anonymous Symbol]                       0x2000076c   Section        0  heap_4.o(.bss.ucHeap)
    vApplicationGetIdleTaskMemory.Idle_Stack 0x20004370   Data        1024  cmsis_os2.o(.bss.vApplicationGetIdleTaskMemory.Idle_Stack)
    [Anonymous Symbol]                       0x20004370   Section        0  cmsis_os2.o(.bss.vApplicationGetIdleTaskMemory.Idle_Stack)
    vApplicationGetIdleTaskMemory.Idle_TCB   0x20004770   Data          92  cmsis_os2.o(.bss.vApplicationGetIdleTaskMemory.Idle_TCB)
    [Anonymous Symbol]                       0x20004770   Section        0  cmsis_os2.o(.bss.vApplicationGetIdleTaskMemory.Idle_TCB)
    vApplicationGetTimerTaskMemory.Timer_Stack 0x200047cc   Data        2048  cmsis_os2.o(.bss.vApplicationGetTimerTaskMemory.Timer_Stack)
    [Anonymous Symbol]                       0x200047cc   Section        0  cmsis_os2.o(.bss.vApplicationGetTimerTaskMemory.Timer_Stack)
    vApplicationGetTimerTaskMemory.Timer_TCB 0x20004fcc   Data          92  cmsis_os2.o(.bss.vApplicationGetTimerTaskMemory.Timer_TCB)
    [Anonymous Symbol]                       0x20004fcc   Section        0  cmsis_os2.o(.bss.vApplicationGetTimerTaskMemory.Timer_TCB)
    STACK                                    0x20005068   Section     8192  startup_stm32f407xx.o(STACK)

    Global Symbols

    Symbol Name                              Value     Ov Type        Size  Object(Section)

    BuildAttributes$$THM_ISAv4$E$P$D$K$B$S$7EM$VFPi3$EXTD16$VFPS$VFMA$PE$A:L22UL41UL21$X:L11$S22US41US21$IEEE1$IW$~IW$USESV6$~STKCKD$USESV7$~SHL$OTIME$ROPI$IEEEX$EBA8$MICROLIB$REQ8$PRES8$EABIv2 0x00000000   Number         0  anon$$obj.o ABSOLUTE
    _printf_a                                0x00000000   Number         0  printfstubs.o ABSOLUTE
    _printf_c                                0x00000000   Number         0  printfstubs.o ABSOLUTE
    _printf_charcount                        0x00000000   Number         0  printfstubs.o ABSOLUTE
    _printf_d                                0x00000000   Number         0  printfstubs.o ABSOLUTE
    _printf_e                                0x00000000   Number         0  printfstubs.o ABSOLUTE
    _printf_f                                0x00000000   Number         0  printfstubs.o ABSOLUTE
    _printf_flags                            0x00000000   Number         0  printfstubs.o ABSOLUTE
    _printf_fp_dec                           0x00000000   Number         0  printfstubs.o ABSOLUTE
    _printf_fp_hex                           0x00000000   Number         0  printfstubs.o ABSOLUTE
    _printf_g                                0x00000000   Number         0  printfstubs.o ABSOLUTE
    _printf_i                                0x00000000   Number         0  printfstubs.o ABSOLUTE
    _printf_int_dec                          0x00000000   Number         0  printfstubs.o ABSOLUTE
    _printf_l                                0x00000000   Number         0  printfstubs.o ABSOLUTE
    _printf_lc                               0x00000000   Number         0  printfstubs.o ABSOLUTE
    _printf_ll                               0x00000000   Number         0  printfstubs.o ABSOLUTE
    _printf_lld                              0x00000000   Number         0  printfstubs.o ABSOLUTE
    _printf_lli                              0x00000000   Number         0  printfstubs.o ABSOLUTE
    _printf_llo                              0x00000000   Number         0  printfstubs.o ABSOLUTE
    _printf_llu                              0x00000000   Number         0  printfstubs.o ABSOLUTE
    _printf_llx                              0x00000000   Number         0  printfstubs.o ABSOLUTE
    _printf_longlong_dec                     0x00000000   Number         0  printfstubs.o ABSOLUTE
    _printf_longlong_hex                     0x00000000   Number         0  printfstubs.o ABSOLUTE
    _printf_longlong_oct                     0x00000000   Number         0  printfstubs.o ABSOLUTE
    _printf_ls                               0x00000000   Number         0  printfstubs.o ABSOLUTE
    _printf_mbtowc                           0x00000000   Number         0  printfstubs.o ABSOLUTE
    _printf_n                                0x00000000   Number         0  printfstubs.o ABSOLUTE
    _printf_o                                0x00000000   Number         0  printfstubs.o ABSOLUTE
    _printf_p                                0x00000000   Number         0  printfstubs.o ABSOLUTE
    _printf_percent                          0x00000000   Number         0  printfstubs.o ABSOLUTE
    _printf_pre_padding                      0x00000000   Number         0  printfstubs.o ABSOLUTE
    _printf_return_value                     0x00000000   Number         0  printfstubs.o ABSOLUTE
    _printf_s                                0x00000000   Number         0  printfstubs.o ABSOLUTE
    _printf_sizespec                         0x00000000   Number         0  printfstubs.o ABSOLUTE
    _printf_str                              0x00000000   Number         0  printfstubs.o ABSOLUTE
    _printf_truncate_signed                  0x00000000   Number         0  printfstubs.o ABSOLUTE
    _printf_truncate_unsigned                0x00000000   Number         0  printfstubs.o ABSOLUTE
    _printf_u                                0x00000000   Number         0  printfstubs.o ABSOLUTE
    _printf_wc                               0x00000000   Number         0  printfstubs.o ABSOLUTE
    _printf_wctomb                           0x00000000   Number         0  printfstubs.o ABSOLUTE
    _printf_widthprec                        0x00000000   Number         0  printfstubs.o ABSOLUTE
    _printf_x                                0x00000000   Number         0  printfstubs.o ABSOLUTE
    __cpp_initialize__aeabi_                  - Undefined Weak Reference
    __cxa_finalize                            - Undefined Weak Reference
    __decompress                              - Undefined Weak Reference
    _clock_init                               - Undefined Weak Reference
    _microlib_exit                            - Undefined Weak Reference
    __Vectors_Size                           0x00000188   Number         0  startup_stm32f407xx.o ABSOLUTE
    __Vectors                                0x08000000   Data           4  startup_stm32f407xx.o(RESET)
    __Vectors_End                            0x08000188   Data           0  startup_stm32f407xx.o(RESET)
    __main                                   0x08000189   Thumb Code     0  entry.o(.ARM.Collect$$$$00000000)
    _main_stk                                0x08000189   Thumb Code     0  entry2.o(.ARM.Collect$$$$00000001)
    _main_scatterload                        0x0800018d   Thumb Code     0  entry5.o(.ARM.Collect$$$$00000004)
    __main_after_scatterload                 0x08000191   Thumb Code     0  entry5.o(.ARM.Collect$$$$00000004)
    _main_clock                              0x08000191   Thumb Code     0  entry7b.o(.ARM.Collect$$$$00000008)
    _main_cpp_init                           0x08000191   Thumb Code     0  entry8b.o(.ARM.Collect$$$$0000000A)
    _main_init                               0x08000191   Thumb Code     0  entry9a.o(.ARM.Collect$$$$0000000B)
    __rt_final_cpp                           0x08000199   Thumb Code     0  entry10a.o(.ARM.Collect$$$$0000000D)
    __rt_final_exit                          0x08000199   Thumb Code     0  entry11a.o(.ARM.Collect$$$$0000000F)
    Reset_Handler                            0x0800019d   Thumb Code     8  startup_stm32f407xx.o(.text)
    ADC_IRQHandler                           0x080001b7   Thumb Code     0  startup_stm32f407xx.o(.text)
    CAN1_RX0_IRQHandler                      0x080001b7   Thumb Code     0  startup_stm32f407xx.o(.text)
    CAN1_RX1_IRQHandler                      0x080001b7   Thumb Code     0  startup_stm32f407xx.o(.text)
    CAN1_SCE_IRQHandler                      0x080001b7   Thumb Code     0  startup_stm32f407xx.o(.text)
    CAN1_TX_IRQHandler                       0x080001b7   Thumb Code     0  startup_stm32f407xx.o(.text)
    CAN2_RX0_IRQHandler                      0x080001b7   Thumb Code     0  startup_stm32f407xx.o(.text)
    CAN2_RX1_IRQHandler                      0x080001b7   Thumb Code     0  startup_stm32f407xx.o(.text)
    CAN2_SCE_IRQHandler                      0x080001b7   Thumb Code     0  startup_stm32f407xx.o(.text)
    CAN2_TX_IRQHandler                       0x080001b7   Thumb Code     0  startup_stm32f407xx.o(.text)
    DCMI_IRQHandler                          0x080001b7   Thumb Code     0  startup_stm32f407xx.o(.text)
    DMA1_Stream0_IRQHandler                  0x080001b7   Thumb Code     0  startup_stm32f407xx.o(.text)
    DMA1_Stream1_IRQHandler                  0x080001b7   Thumb Code     0  startup_stm32f407xx.o(.text)
    DMA1_Stream2_IRQHandler                  0x080001b7   Thumb Code     0  startup_stm32f407xx.o(.text)
    DMA1_Stream3_IRQHandler                  0x080001b7   Thumb Code     0  startup_stm32f407xx.o(.text)
    DMA1_Stream4_IRQHandler                  0x080001b7   Thumb Code     0  startup_stm32f407xx.o(.text)
    DMA1_Stream5_IRQHandler                  0x080001b7   Thumb Code     0  startup_stm32f407xx.o(.text)
    DMA1_Stream6_IRQHandler                  0x080001b7   Thumb Code     0  startup_stm32f407xx.o(.text)
    DMA1_Stream7_IRQHandler                  0x080001b7   Thumb Code     0  startup_stm32f407xx.o(.text)
    DMA2_Stream0_IRQHandler                  0x080001b7   Thumb Code     0  startup_stm32f407xx.o(.text)
    DMA2_Stream1_IRQHandler                  0x080001b7   Thumb Code     0  startup_stm32f407xx.o(.text)
    DMA2_Stream2_IRQHandler                  0x080001b7   Thumb Code     0  startup_stm32f407xx.o(.text)
    DMA2_Stream3_IRQHandler                  0x080001b7   Thumb Code     0  startup_stm32f407xx.o(.text)
    DMA2_Stream4_IRQHandler                  0x080001b7   Thumb Code     0  startup_stm32f407xx.o(.text)
    DMA2_Stream5_IRQHandler                  0x080001b7   Thumb Code     0  startup_stm32f407xx.o(.text)
    DMA2_Stream6_IRQHandler                  0x080001b7   Thumb Code     0  startup_stm32f407xx.o(.text)
    DMA2_Stream7_IRQHandler                  0x080001b7   Thumb Code     0  startup_stm32f407xx.o(.text)
    ETH_IRQHandler                           0x080001b7   Thumb Code     0  startup_stm32f407xx.o(.text)
    ETH_WKUP_IRQHandler                      0x080001b7   Thumb Code     0  startup_stm32f407xx.o(.text)
    EXTI0_IRQHandler                         0x080001b7   Thumb Code     0  startup_stm32f407xx.o(.text)
    EXTI15_10_IRQHandler                     0x080001b7   Thumb Code     0  startup_stm32f407xx.o(.text)
    EXTI1_IRQHandler                         0x080001b7   Thumb Code     0  startup_stm32f407xx.o(.text)
    EXTI2_IRQHandler                         0x080001b7   Thumb Code     0  startup_stm32f407xx.o(.text)
    EXTI3_IRQHandler                         0x080001b7   Thumb Code     0  startup_stm32f407xx.o(.text)
    EXTI4_IRQHandler                         0x080001b7   Thumb Code     0  startup_stm32f407xx.o(.text)
    EXTI9_5_IRQHandler                       0x080001b7   Thumb Code     0  startup_stm32f407xx.o(.text)
    FLASH_IRQHandler                         0x080001b7   Thumb Code     0  startup_stm32f407xx.o(.text)
    FMC_IRQHandler                           0x080001b7   Thumb Code     0  startup_stm32f407xx.o(.text)
    FPU_IRQHandler                           0x080001b7   Thumb Code     0  startup_stm32f407xx.o(.text)
    HASH_RNG_IRQHandler                      0x080001b7   Thumb Code     0  startup_stm32f407xx.o(.text)
    I2C1_ER_IRQHandler                       0x080001b7   Thumb Code     0  startup_stm32f407xx.o(.text)
    I2C1_EV_IRQHandler                       0x080001b7   Thumb Code     0  startup_stm32f407xx.o(.text)
    I2C2_ER_IRQHandler                       0x080001b7   Thumb Code     0  startup_stm32f407xx.o(.text)
    I2C2_EV_IRQHandler                       0x080001b7   Thumb Code     0  startup_stm32f407xx.o(.text)
    I2C3_ER_IRQHandler                       0x080001b7   Thumb Code     0  startup_stm32f407xx.o(.text)
    I2C3_EV_IRQHandler                       0x080001b7   Thumb Code     0  startup_stm32f407xx.o(.text)
    OTG_FS_IRQHandler                        0x080001b7   Thumb Code     0  startup_stm32f407xx.o(.text)
    OTG_FS_WKUP_IRQHandler                   0x080001b7   Thumb Code     0  startup_stm32f407xx.o(.text)
    OTG_HS_EP1_IN_IRQHandler                 0x080001b7   Thumb Code     0  startup_stm32f407xx.o(.text)
    OTG_HS_EP1_OUT_IRQHandler                0x080001b7   Thumb Code     0  startup_stm32f407xx.o(.text)
    OTG_HS_IRQHandler                        0x080001b7   Thumb Code     0  startup_stm32f407xx.o(.text)
    OTG_HS_WKUP_IRQHandler                   0x080001b7   Thumb Code     0  startup_stm32f407xx.o(.text)
    PVD_IRQHandler                           0x080001b7   Thumb Code     0  startup_stm32f407xx.o(.text)
    RCC_IRQHandler                           0x080001b7   Thumb Code     0  startup_stm32f407xx.o(.text)
    RTC_Alarm_IRQHandler                     0x080001b7   Thumb Code     0  startup_stm32f407xx.o(.text)
    RTC_WKUP_IRQHandler                      0x080001b7   Thumb Code     0  startup_stm32f407xx.o(.text)
    SDIO_IRQHandler                          0x080001b7   Thumb Code     0  startup_stm32f407xx.o(.text)
    SPI1_IRQHandler                          0x080001b7   Thumb Code     0  startup_stm32f407xx.o(.text)
    SPI2_IRQHandler                          0x080001b7   Thumb Code     0  startup_stm32f407xx.o(.text)
    SPI3_IRQHandler                          0x080001b7   Thumb Code     0  startup_stm32f407xx.o(.text)
    TAMP_STAMP_IRQHandler                    0x080001b7   Thumb Code     0  startup_stm32f407xx.o(.text)
    TIM1_BRK_TIM9_IRQHandler                 0x080001b7   Thumb Code     0  startup_stm32f407xx.o(.text)
    TIM1_CC_IRQHandler                       0x080001b7   Thumb Code     0  startup_stm32f407xx.o(.text)
    TIM1_TRG_COM_TIM11_IRQHandler            0x080001b7   Thumb Code     0  startup_stm32f407xx.o(.text)
    TIM1_UP_TIM10_IRQHandler                 0x080001b7   Thumb Code     0  startup_stm32f407xx.o(.text)
    TIM2_IRQHandler                          0x080001b7   Thumb Code     0  startup_stm32f407xx.o(.text)
    TIM3_IRQHandler                          0x080001b7   Thumb Code     0  startup_stm32f407xx.o(.text)
    TIM4_IRQHandler                          0x080001b7   Thumb Code     0  startup_stm32f407xx.o(.text)
    TIM5_IRQHandler                          0x080001b7   Thumb Code     0  startup_stm32f407xx.o(.text)
    TIM7_IRQHandler                          0x080001b7   Thumb Code     0  startup_stm32f407xx.o(.text)
    TIM8_BRK_TIM12_IRQHandler                0x080001b7   Thumb Code     0  startup_stm32f407xx.o(.text)
    TIM8_CC_IRQHandler                       0x080001b7   Thumb Code     0  startup_stm32f407xx.o(.text)
    TIM8_TRG_COM_TIM14_IRQHandler            0x080001b7   Thumb Code     0  startup_stm32f407xx.o(.text)
    TIM8_UP_TIM13_IRQHandler                 0x080001b7   Thumb Code     0  startup_stm32f407xx.o(.text)
    UART4_IRQHandler                         0x080001b7   Thumb Code     0  startup_stm32f407xx.o(.text)
    UART5_IRQHandler                         0x080001b7   Thumb Code     0  startup_stm32f407xx.o(.text)
    USART1_IRQHandler                        0x080001b7   Thumb Code     0  startup_stm32f407xx.o(.text)
    USART2_IRQHandler                        0x080001b7   Thumb Code     0  startup_stm32f407xx.o(.text)
    USART3_IRQHandler                        0x080001b7   Thumb Code     0  startup_stm32f407xx.o(.text)
    USART6_IRQHandler                        0x080001b7   Thumb Code     0  startup_stm32f407xx.o(.text)
    WWDG_IRQHandler                          0x080001b7   Thumb Code     0  startup_stm32f407xx.o(.text)
    __aeabi_uldivmod                         0x080001c1   Thumb Code    98  uldiv.o(.text)
    __aeabi_memcpy                           0x08000223   Thumb Code    36  memcpya.o(.text)
    __aeabi_memcpy4                          0x08000223   Thumb Code     0  memcpya.o(.text)
    __aeabi_memcpy8                          0x08000223   Thumb Code     0  memcpya.o(.text)
    __aeabi_memset                           0x08000247   Thumb Code    14  memseta.o(.text)
    __aeabi_memset4                          0x08000247   Thumb Code     0  memseta.o(.text)
    __aeabi_memset8                          0x08000247   Thumb Code     0  memseta.o(.text)
    __aeabi_memclr                           0x08000255   Thumb Code     4  memseta.o(.text)
    __aeabi_memclr4                          0x08000255   Thumb Code     0  memseta.o(.text)
    __aeabi_memclr8                          0x08000255   Thumb Code     0  memseta.o(.text)
    _memset$wrapper                          0x08000259   Thumb Code    18  memseta.o(.text)
    __aeabi_llsl                             0x0800026b   Thumb Code    30  llshl.o(.text)
    _ll_shift_l                              0x0800026b   Thumb Code     0  llshl.o(.text)
    __aeabi_llsr                             0x08000289   Thumb Code    32  llushr.o(.text)
    _ll_ushift_r                             0x08000289   Thumb Code     0  llushr.o(.text)
    __scatterload                            0x080002a9   Thumb Code    38  init.o(.text)
    __scatterload_rt2                        0x080002a9   Thumb Code     0  init.o(.text)
    BusFault_Handler                         0x080002d9   Thumb Code     2  stm32f4xx_it.o(.text.BusFault_Handler)
    DebugMon_Handler                         0x080002dd   Thumb Code     2  stm32f4xx_it.o(.text.DebugMon_Handler)
    Error_Handler                            0x080002e1   Thumb Code     6  main.o(.text.Error_Handler)
    FSMC_NORSRAM_Extended_Timing_Init        0x080002e9   Thumb Code    80  stm32f4xx_ll_fsmc.o(.text.FSMC_NORSRAM_Extended_Timing_Init)
    FSMC_NORSRAM_Init                        0x08000339   Thumb Code   136  stm32f4xx_ll_fsmc.o(.text.FSMC_NORSRAM_Init)
    FSMC_NORSRAM_Timing_Init                 0x080003c1   Thumb Code    58  stm32f4xx_ll_fsmc.o(.text.FSMC_NORSRAM_Timing_Init)
    HAL_Delay                                0x080003fd   Thumb Code    40  stm32f4xx_hal.o(.text.HAL_Delay)
    HAL_GPIO_Init                            0x08000425   Thumb Code   414  stm32f4xx_hal_gpio.o(.text.HAL_GPIO_Init)
    HAL_GPIO_WritePin                        0x080005c5   Thumb Code    10  stm32f4xx_hal_gpio.o(.text.HAL_GPIO_WritePin)
    HAL_GetTick                              0x080005d1   Thumb Code    12  stm32f4xx_hal.o(.text.HAL_GetTick)
    HAL_IncTick                              0x080005dd   Thumb Code    26  stm32f4xx_hal.o(.text.HAL_IncTick)
    HAL_Init                                 0x080005f9   Thumb Code    54  stm32f4xx_hal.o(.text.HAL_Init)
    HAL_InitTick                             0x08000631   Thumb Code   178  stm32f4xx_hal_timebase_tim.o(.text.HAL_InitTick)
    HAL_MspInit                              0x080006e5   Thumb Code    66  stm32f4xx_hal_msp.o(.text.HAL_MspInit)
    HAL_NVIC_EnableIRQ                       0x08000729   Thumb Code    34  stm32f4xx_hal_cortex.o(.text.HAL_NVIC_EnableIRQ)
    HAL_NVIC_SetPriority                     0x0800074d   Thumb Code    86  stm32f4xx_hal_cortex.o(.text.HAL_NVIC_SetPriority)
    HAL_NVIC_SetPriorityGrouping             0x080007a5   Thumb Code    32  stm32f4xx_hal_cortex.o(.text.HAL_NVIC_SetPriorityGrouping)
    HAL_RCC_ClockConfig                      0x080007c5   Thumb Code   356  stm32f4xx_hal_rcc.o(.text.HAL_RCC_ClockConfig)
    HAL_RCC_GetClockConfig                   0x08000929   Thumb Code    62  stm32f4xx_hal_rcc.o(.text.HAL_RCC_GetClockConfig)
    HAL_RCC_GetPCLK1Freq                     0x08000969   Thumb Code    38  stm32f4xx_hal_rcc.o(.text.HAL_RCC_GetPCLK1Freq)
    HAL_RCC_GetPCLK2Freq                     0x08000991   Thumb Code    38  stm32f4xx_hal_rcc.o(.text.HAL_RCC_GetPCLK2Freq)
    HAL_RCC_GetSysClockFreq                  0x080009b9   Thumb Code   112  stm32f4xx_hal_rcc.o(.text.HAL_RCC_GetSysClockFreq)
    HAL_RCC_OscConfig                        0x08000a29   Thumb Code   940  stm32f4xx_hal_rcc.o(.text.HAL_RCC_OscConfig)
    HAL_SRAM_Init                            0x08000dd5   Thumb Code    92  stm32f4xx_hal_sram.o(.text.HAL_SRAM_Init)
    HAL_SRAM_MspInit                         0x08000e31   Thumb Code   132  lcd.o(.text.HAL_SRAM_MspInit)
    HAL_TIMEx_BreakCallback                  0x08000eb5   Thumb Code     2  stm32f4xx_hal_tim_ex.o(.text.HAL_TIMEx_BreakCallback)
    HAL_TIMEx_CommutCallback                 0x08000eb9   Thumb Code     2  stm32f4xx_hal_tim_ex.o(.text.HAL_TIMEx_CommutCallback)
    HAL_TIM_Base_Init                        0x08000ebd   Thumb Code    90  stm32f4xx_hal_tim.o(.text.HAL_TIM_Base_Init)
    HAL_TIM_Base_MspInit                     0x08000f19   Thumb Code     2  stm32f4xx_hal_tim.o(.text.HAL_TIM_Base_MspInit)
    HAL_TIM_Base_Start_IT                    0x08000f1d   Thumb Code   170  stm32f4xx_hal_tim.o(.text.HAL_TIM_Base_Start_IT)
    HAL_TIM_IC_CaptureCallback               0x08000fc9   Thumb Code     2  stm32f4xx_hal_tim.o(.text.HAL_TIM_IC_CaptureCallback)
    HAL_TIM_IRQHandler                       0x08000fcd   Thumb Code   334  stm32f4xx_hal_tim.o(.text.HAL_TIM_IRQHandler)
    HAL_TIM_OC_DelayElapsedCallback          0x0800111d   Thumb Code     2  stm32f4xx_hal_tim.o(.text.HAL_TIM_OC_DelayElapsedCallback)
    HAL_TIM_PWM_PulseFinishedCallback        0x08001121   Thumb Code     2  stm32f4xx_hal_tim.o(.text.HAL_TIM_PWM_PulseFinishedCallback)
    HAL_TIM_PeriodElapsedCallback            0x08001125   Thumb Code    20  main.o(.text.HAL_TIM_PeriodElapsedCallback)
    HAL_TIM_TriggerCallback                  0x08001139   Thumb Code     2  stm32f4xx_hal_tim.o(.text.HAL_TIM_TriggerCallback)
    HAL_UART_Init                            0x0800113d   Thumb Code    96  stm32f4xx_hal_uart.o(.text.HAL_UART_Init)
    HAL_UART_MspInit                         0x0800119d   Thumb Code   118  usart.o(.text.HAL_UART_MspInit)
    HAL_UART_Transmit                        0x08001215   Thumb Code   402  stm32f4xx_hal_uart.o(.text.HAL_UART_Transmit)
    HardFault_Handler                        0x080013a9   Thumb Code     2  stm32f4xx_it.o(.text.HardFault_Handler)
    MX_FREERTOS_Init                         0x080013ad   Thumb Code    78  freertos.o(.text.MX_FREERTOS_Init)
    MX_GPIO_Init                             0x080013fd   Thumb Code    56  gpio.o(.text.MX_GPIO_Init)
    MX_USART1_UART_Init                      0x08001435   Thumb Code    60  usart.o(.text.MX_USART1_UART_Init)
    MemManage_Handler                        0x08001471   Thumb Code     2  stm32f4xx_it.o(.text.MemManage_Handler)
    NMI_Handler                              0x08001475   Thumb Code     2  stm32f4xx_it.o(.text.NMI_Handler)
    PendSV_Handler                           0x08001481   Thumb Code   100  port.o(.text.PendSV_Handler)
    SVC_Handler                              0x080014f1   Thumb Code    36  port.o(.text.SVC_Handler)
    StartDefaultTask                         0x08001515   Thumb Code     8  freertos.o(.text.StartDefaultTask)
    StartTask02                              0x0800151d   Thumb Code    20  freertos.o(.text.StartTask02)
    SysTick_Handler                          0x08001535   Thumb Code    30  cmsis_os2.o(.text.SysTick_Handler)
    SystemClock_Config                       0x08001555   Thumb Code   168  main.o(.text.SystemClock_Config)
    SystemInit                               0x080015fd   Thumb Code    18  system_stm32f4xx.o(.text.SystemInit)
    TIM6_DAC_IRQHandler                      0x08001611   Thumb Code    12  stm32f4xx_it.o(.text.TIM6_DAC_IRQHandler)
    TIM_Base_SetConfig                       0x0800161d   Thumb Code   314  stm32f4xx_hal_tim.o(.text.TIM_Base_SetConfig)
    UsageFault_Handler                       0x08001841   Thumb Code     2  stm32f4xx_it.o(.text.UsageFault_Handler)
    fputc                                    0x08001845   Thumb Code    36  main.o(.text.fputc)
    lcd_ex_ili9341_reginit                   0x08001869   Thumb Code  1826  lcd.o(.text.lcd_ex_ili9341_reginit)
    lcd_ex_ili9806_reginit                   0x08001f8d   Thumb Code  2672  lcd.o(.text.lcd_ex_ili9806_reginit)
    lcd_ex_nt35310_reginit                   0x080029fd   Thumb Code 12066  lcd.o(.text.lcd_ex_nt35310_reginit)
    lcd_ex_nt35510_reginit                   0x08005921   Thumb Code  3650  lcd.o(.text.lcd_ex_nt35510_reginit)
    lcd_ex_ssd1963_reginit                   0x08006765   Thumb Code  1130  lcd.o(.text.lcd_ex_ssd1963_reginit)
    lcd_ex_st7789_reginit                    0x08006bd1   Thumb Code  1404  lcd.o(.text.lcd_ex_st7789_reginit)
    lcd_ex_st7796_reginit                    0x0800714d   Thumb Code  1498  lcd.o(.text.lcd_ex_st7796_reginit)
    lcd_init                                 0x08007729   Thumb Code  1572  lcd.o(.text.lcd_init)
    lcd_scan_dir                             0x08007d59   Thumb Code   752  lcd.o(.text.lcd_scan_dir)
    lcd_set_cursor                           0x08008059   Thumb Code   650  lcd.o(.text.lcd_set_cursor)
    main                                     0x080082e5   Thumb Code    34  main.o(.text.main)
    osDelay                                  0x08008309   Thumb Code    34  cmsis_os2.o(.text.osDelay)
    osKernelInitialize                       0x0800832d   Thumb Code    40  cmsis_os2.o(.text.osKernelInitialize)
    osKernelStart                            0x08008355   Thumb Code    60  cmsis_os2.o(.text.osKernelStart)
    osMessageQueueNew                        0x08008391   Thumb Code   146  cmsis_os2.o(.text.osMessageQueueNew)
    osThreadNew                              0x08008425   Thumb Code   152  cmsis_os2.o(.text.osThreadNew)
    pvPortMalloc                             0x08008d5d   Thumb Code   488  heap_4.o(.text.pvPortMalloc)
    pxPortInitialiseStack                    0x08008f45   Thumb Code    36  port.o(.text.pxPortInitialiseStack)
    uxListRemove                             0x08008f69   Thumb Code    34  list.o(.text.uxListRemove)
    vApplicationGetIdleTaskMemory            0x08008f8d   Thumb Code    28  cmsis_os2.o(.text.vApplicationGetIdleTaskMemory)
    vApplicationGetTimerTaskMemory           0x08008fa9   Thumb Code    28  cmsis_os2.o(.text.vApplicationGetTimerTaskMemory)
    vListInitialise                          0x08008fc5   Thumb Code    22  list.o(.text.vListInitialise)
    vListInitialiseItem                      0x08008fdd   Thumb Code     6  list.o(.text.vListInitialiseItem)
    vListInsert                              0x08008fe5   Thumb Code   102  list.o(.text.vListInsert)
    vListInsertEnd                           0x0800904d   Thumb Code    26  list.o(.text.vListInsertEnd)
    vPortEnterCritical                       0x0800907d   Thumb Code    70  port.o(.text.vPortEnterCritical)
    vPortExitCritical                        0x080090c5   Thumb Code    46  port.o(.text.vPortExitCritical)
    vPortFree                                0x080090f5   Thumb Code   222  heap_4.o(.text.vPortFree)
    vPortSetupTimerInterrupt                 0x080091d5   Thumb Code    52  port.o(.text.vPortSetupTimerInterrupt)
    vQueueAddToRegistry                      0x08009209   Thumb Code    88  queue.o(.text.vQueueAddToRegistry)
    vQueueWaitForMessageRestricted           0x08009261   Thumb Code    82  queue.o(.text.vQueueWaitForMessageRestricted)
    vTaskDelay                               0x080092b5   Thumb Code   132  tasks.o(.text.vTaskDelay)
    vTaskInternalSetTimeOutState             0x08009339   Thumb Code    18  tasks.o(.text.vTaskInternalSetTimeOutState)
    vTaskMissedYield                         0x0800934d   Thumb Code    14  tasks.o(.text.vTaskMissedYield)
    vTaskPlaceOnEventList                    0x0800935d   Thumb Code   124  tasks.o(.text.vTaskPlaceOnEventList)
    vTaskPlaceOnEventListRestricted          0x080093d9   Thumb Code   126  tasks.o(.text.vTaskPlaceOnEventListRestricted)
    vTaskStartScheduler                      0x08009459   Thumb Code   232  tasks.o(.text.vTaskStartScheduler)
    vTaskSuspendAll                          0x08009549   Thumb Code    16  tasks.o(.text.vTaskSuspendAll)
    vTaskSwitchContext                       0x08009559   Thumb Code   204  tasks.o(.text.vTaskSwitchContext)
    xPortStartScheduler                      0x08009625   Thumb Code   442  port.o(.text.xPortStartScheduler)
    xPortSysTickHandler                      0x080097e1   Thumb Code    46  port.o(.text.xPortSysTickHandler)
    xQueueGenericCreate                      0x08009811   Thumb Code   130  queue.o(.text.xQueueGenericCreate)
    xQueueGenericCreateStatic                0x08009895   Thumb Code   218  queue.o(.text.xQueueGenericCreateStatic)
    xQueueGenericSend                        0x08009971   Thumb Code   712  queue.o(.text.xQueueGenericSend)
    xQueueReceive                            0x08009c39   Thumb Code   586  queue.o(.text.xQueueReceive)
    xTaskCheckForTimeOut                     0x08009e85   Thumb Code   158  tasks.o(.text.xTaskCheckForTimeOut)
    xTaskCreate                              0x08009f25   Thumb Code    96  tasks.o(.text.xTaskCreate)
    xTaskCreateStatic                        0x08009f85   Thumb Code   118  tasks.o(.text.xTaskCreateStatic)
    xTaskGetSchedulerState                   0x08009ffd   Thumb Code    30  tasks.o(.text.xTaskGetSchedulerState)
    xTaskGetTickCount                        0x0800a01d   Thumb Code    24  tasks.o(.text.xTaskGetTickCount)
    xTaskIncrementTick                       0x0800a035   Thumb Code   258  tasks.o(.text.xTaskIncrementTick)
    xTaskPriorityDisinherit                  0x0800a139   Thumb Code   142  tasks.o(.text.xTaskPriorityDisinherit)
    xTaskRemoveFromEventList                 0x0800a1c9   Thumb Code   114  tasks.o(.text.xTaskRemoveFromEventList)
    xTaskResumeAll                           0x0800a23d   Thumb Code   242  tasks.o(.text.xTaskResumeAll)
    xTimerCreateTimerTask                    0x0800a331   Thumb Code   172  timers.o(.text.xTimerCreateTimerTask)
    __0printf$5                              0x0800a3e5   Thumb Code    22  printf5.o(i.__0printf$5)
    __1printf$5                              0x0800a3e5   Thumb Code     0  printf5.o(i.__0printf$5)
    __2printf                                0x0800a3e5   Thumb Code     0  printf5.o(i.__0printf$5)
    __scatterload_copy                       0x0800a405   Thumb Code    14  handlers.o(i.__scatterload_copy)
    __scatterload_null                       0x0800a413   Thumb Code     2  handlers.o(i.__scatterload_null)
    __scatterload_zeroinit                   0x0800a415   Thumb Code    14  handlers.o(i.__scatterload_zeroinit)
    puts                                     0x0800a6e5   Thumb Code    30  puts.o(i.puts)
    AHBPrescTable                            0x0800a716   Data          16  system_stm32f4xx.o(.rodata.AHBPrescTable)
    APBPrescTable                            0x0800a726   Data           8  system_stm32f4xx.o(.rodata.APBPrescTable)
    defaultTask_attributes                   0x0800a730   Data          36  freertos.o(.rodata.defaultTask_attributes)
    sendQueue01_attributes                   0x0800a754   Data          24  freertos.o(.rodata.sendQueue01_attributes)
    sendTask02_attributes                    0x0800a76c   Data          36  freertos.o(.rodata.sendTask02_attributes)
    Region$$Table$$Base                      0x0800a7b8   Number         0  anon$$obj.o(Region$$Table)
    Region$$Table$$Limit                     0x0800a7d8   Number         0  anon$$obj.o(Region$$Table)
    __stdout                                 0x20000000   Data           4  stdout.o(.data)
    uwTickFreq                               0x20000004   Data           1  stm32f4xx_hal.o(.data..L_MergedGlobals)
    uwTickPrio                               0x20000008   Data           4  stm32f4xx_hal.o(.data..L_MergedGlobals)
    SystemCoreClock                          0x2000000c   Data           4  system_stm32f4xx.o(.data.SystemCoreClock)
    sendQueue01Handle                        0x20000018   Data           4  freertos.o(.bss..L_MergedGlobals)
    defaultTaskHandle                        0x2000001c   Data           4  freertos.o(.bss..L_MergedGlobals)
    sendTask02Handle                         0x20000020   Data           4  freertos.o(.bss..L_MergedGlobals)
    g_back_color                             0x20000024   Data           4  lcd.o(.bss..L_MergedGlobals)
    lcddev                                   0x20000028   Data          14  lcd.o(.bss..L_MergedGlobals)
    g_sram_handle                            0x20000038   Data          80  lcd.o(.bss..L_MergedGlobals)
    pxCurrentTCB                             0x20000090   Data           4  tasks.o(.bss..L_MergedGlobals)
    htim6                                    0x2000018c   Data          72  stm32f4xx_hal_timebase_tim.o(.bss.htim6)
    huart1                                   0x200001d4   Data          72  usart.o(.bss.huart1)
    uwTick                                   0x2000436c   Data           4  stm32f4xx_hal.o(.bss.uwTick)
    xQueueRegistry                           0x20005028   Data          64  queue.o(.bss.xQueueRegistry)
    __initial_sp                             0x20007068   Data           0  startup_stm32f407xx.o(STACK)



==============================================================================

Memory Map of the image

  Image Entry point : 0x08000189

  Load Region LR_IROM1 (Base: 0x08000000, Size: 0x0000a7f0, Max: 0x00100000, ABSOLUTE)

    Execution Region ER_IROM1 (Exec base: 0x08000000, Load base: 0x08000000, Size: 0x0000a7d8, Max: 0x00100000, ABSOLUTE)

    Exec Addr    Load Addr    Size         Type   Attr      Idx    E Section Name        Object

    0x08000000   0x08000000   0x00000188   Data   RO            3    RESET               startup_stm32f407xx.o
    0x08000188   0x08000188   0x00000000   Code   RO         3780  * .ARM.Collect$$$$00000000  mc_w.l(entry.o)
    0x08000188   0x08000188   0x00000004   Code   RO         4139    .ARM.Collect$$$$00000001  mc_w.l(entry2.o)
    0x0800018c   0x0800018c   0x00000004   Code   RO         4142    .ARM.Collect$$$$00000004  mc_w.l(entry5.o)
    0x08000190   0x08000190   0x00000000   Code   RO         4144    .ARM.Collect$$$$00000008  mc_w.l(entry7b.o)
    0x08000190   0x08000190   0x00000000   Code   RO         4146    .ARM.Collect$$$$0000000A  mc_w.l(entry8b.o)
    0x08000190   0x08000190   0x00000008   Code   RO         4147    .ARM.Collect$$$$0000000B  mc_w.l(entry9a.o)
    0x08000198   0x08000198   0x00000000   Code   RO         4149    .ARM.Collect$$$$0000000D  mc_w.l(entry10a.o)
    0x08000198   0x08000198   0x00000000   Code   RO         4151    .ARM.Collect$$$$0000000F  mc_w.l(entry11a.o)
    0x08000198   0x08000198   0x00000004   Code   RO         4140    .ARM.Collect$$$$00002712  mc_w.l(entry2.o)
    0x0800019c   0x0800019c   0x00000024   Code   RO            4    .text               startup_stm32f407xx.o
    0x080001c0   0x080001c0   0x00000062   Code   RO         3787    .text               mc_w.l(uldiv.o)
    0x08000222   0x08000222   0x00000024   Code   RO         3791    .text               mc_w.l(memcpya.o)
    0x08000246   0x08000246   0x00000024   Code   RO         3793    .text               mc_w.l(memseta.o)
    0x0800026a   0x0800026a   0x0000001e   Code   RO         4165    .text               mc_w.l(llshl.o)
    0x08000288   0x08000288   0x00000020   Code   RO         4167    .text               mc_w.l(llushr.o)
    0x080002a8   0x080002a8   0x00000030   Code   RO         4201    .text               mc_w.l(init.o)
    0x080002d8   0x080002d8   0x00000002   Code   RO           77    .text.BusFault_Handler  stm32f4xx_it.o
    0x080002da   0x080002da   0x00000002   PAD
    0x080002dc   0x080002dc   0x00000002   Code   RO           81    .text.DebugMon_Handler  stm32f4xx_it.o
    0x080002de   0x080002de   0x00000002   PAD
    0x080002e0   0x080002e0   0x00000006   Code   RO           15    .text.Error_Handler  main.o
    0x080002e6   0x080002e6   0x00000002   PAD
    0x080002e8   0x080002e8   0x00000050   Code   RO          170    .text.FSMC_NORSRAM_Extended_Timing_Init  stm32f4xx_ll_fsmc.o
    0x08000338   0x08000338   0x00000088   Code   RO          164    .text.FSMC_NORSRAM_Init  stm32f4xx_ll_fsmc.o
    0x080003c0   0x080003c0   0x0000003a   Code   RO          168    .text.FSMC_NORSRAM_Timing_Init  stm32f4xx_ll_fsmc.o
    0x080003fa   0x080003fa   0x00000002   PAD
    0x080003fc   0x080003fc   0x00000028   Code   RO          842    .text.HAL_Delay     stm32f4xx_hal.o
    0x08000424   0x08000424   0x0000019e   Code   RO          637    .text.HAL_GPIO_Init  stm32f4xx_hal_gpio.o
    0x080005c2   0x080005c2   0x00000002   PAD
    0x080005c4   0x080005c4   0x0000000a   Code   RO          643    .text.HAL_GPIO_WritePin  stm32f4xx_hal_gpio.o
    0x080005ce   0x080005ce   0x00000002   PAD
    0x080005d0   0x080005d0   0x0000000c   Code   RO          834    .text.HAL_GetTick   stm32f4xx_hal.o
    0x080005dc   0x080005dc   0x0000001a   Code   RO          832    .text.HAL_IncTick   stm32f4xx_hal.o
    0x080005f6   0x080005f6   0x00000002   PAD
    0x080005f8   0x080005f8   0x00000036   Code   RO          822    .text.HAL_Init      stm32f4xx_hal.o
    0x0800062e   0x0800062e   0x00000002   PAD
    0x08000630   0x08000630   0x000000b2   Code   RO          101    .text.HAL_InitTick  stm32f4xx_hal_timebase_tim.o
    0x080006e2   0x080006e2   0x00000002   PAD
    0x080006e4   0x080006e4   0x00000042   Code   RO           92    .text.HAL_MspInit   stm32f4xx_hal_msp.o
    0x08000726   0x08000726   0x00000002   PAD
    0x08000728   0x08000728   0x00000022   Code   RO          774    .text.HAL_NVIC_EnableIRQ  stm32f4xx_hal_cortex.o
    0x0800074a   0x0800074a   0x00000002   PAD
    0x0800074c   0x0800074c   0x00000056   Code   RO          772    .text.HAL_NVIC_SetPriority  stm32f4xx_hal_cortex.o
    0x080007a2   0x080007a2   0x00000002   PAD
    0x080007a4   0x080007a4   0x00000020   Code   RO          770    .text.HAL_NVIC_SetPriorityGrouping  stm32f4xx_hal_cortex.o
    0x080007c4   0x080007c4   0x00000164   Code   RO          531    .text.HAL_RCC_ClockConfig  stm32f4xx_hal_rcc.o
    0x08000928   0x08000928   0x0000003e   Code   RO          549    .text.HAL_RCC_GetClockConfig  stm32f4xx_hal_rcc.o
    0x08000966   0x08000966   0x00000002   PAD
    0x08000968   0x08000968   0x00000026   Code   RO          543    .text.HAL_RCC_GetPCLK1Freq  stm32f4xx_hal_rcc.o
    0x0800098e   0x0800098e   0x00000002   PAD
    0x08000990   0x08000990   0x00000026   Code   RO          545    .text.HAL_RCC_GetPCLK2Freq  stm32f4xx_hal_rcc.o
    0x080009b6   0x080009b6   0x00000002   PAD
    0x080009b8   0x080009b8   0x00000070   Code   RO          533    .text.HAL_RCC_GetSysClockFreq  stm32f4xx_hal_rcc.o
    0x08000a28   0x08000a28   0x000003ac   Code   RO          529    .text.HAL_RCC_OscConfig  stm32f4xx_hal_rcc.o
    0x08000dd4   0x08000dd4   0x0000005c   Code   RO          116    .text.HAL_SRAM_Init  stm32f4xx_hal_sram.o
    0x08000e30   0x08000e30   0x00000084   Code   RO         1103    .text.HAL_SRAM_MspInit  lcd.o
    0x08000eb4   0x08000eb4   0x00000002   Code   RO          513    .text.HAL_TIMEx_BreakCallback  stm32f4xx_hal_tim_ex.o
    0x08000eb6   0x08000eb6   0x00000002   PAD
    0x08000eb8   0x08000eb8   0x00000002   Code   RO          509    .text.HAL_TIMEx_CommutCallback  stm32f4xx_hal_tim_ex.o
    0x08000eba   0x08000eba   0x00000002   PAD
    0x08000ebc   0x08000ebc   0x0000005a   Code   RO          208    .text.HAL_TIM_Base_Init  stm32f4xx_hal_tim.o
    0x08000f16   0x08000f16   0x00000002   PAD
    0x08000f18   0x08000f18   0x00000002   Code   RO          210    .text.HAL_TIM_Base_MspInit  stm32f4xx_hal_tim.o
    0x08000f1a   0x08000f1a   0x00000002   PAD
    0x08000f1c   0x08000f1c   0x000000aa   Code   RO          222    .text.HAL_TIM_Base_Start_IT  stm32f4xx_hal_tim.o
    0x08000fc6   0x08000fc6   0x00000002   PAD
    0x08000fc8   0x08000fc8   0x00000002   Code   RO          344    .text.HAL_TIM_IC_CaptureCallback  stm32f4xx_hal_tim.o
    0x08000fca   0x08000fca   0x00000002   PAD
    0x08000fcc   0x08000fcc   0x0000014e   Code   RO          342    .text.HAL_TIM_IRQHandler  stm32f4xx_hal_tim.o
    0x0800111a   0x0800111a   0x00000002   PAD
    0x0800111c   0x0800111c   0x00000002   Code   RO          346    .text.HAL_TIM_OC_DelayElapsedCallback  stm32f4xx_hal_tim.o
    0x0800111e   0x0800111e   0x00000002   PAD
    0x08001120   0x08001120   0x00000002   Code   RO          348    .text.HAL_TIM_PWM_PulseFinishedCallback  stm32f4xx_hal_tim.o
    0x08001122   0x08001122   0x00000002   PAD
    0x08001124   0x08001124   0x00000014   Code   RO           19    .text.HAL_TIM_PeriodElapsedCallback  main.o
    0x08001138   0x08001138   0x00000002   Code   RO          352    .text.HAL_TIM_TriggerCallback  stm32f4xx_hal_tim.o
    0x0800113a   0x0800113a   0x00000002   PAD
    0x0800113c   0x0800113c   0x00000060   Code   RO          912    .text.HAL_UART_Init  stm32f4xx_hal_uart.o
    0x0800119c   0x0800119c   0x00000076   Code   RO           58    .text.HAL_UART_MspInit  usart.o
    0x08001212   0x08001212   0x00000002   PAD
    0x08001214   0x08001214   0x00000192   Code   RO          928    .text.HAL_UART_Transmit  stm32f4xx_hal_uart.o
    0x080013a6   0x080013a6   0x00000002   PAD
    0x080013a8   0x080013a8   0x00000002   Code   RO           73    .text.HardFault_Handler  stm32f4xx_it.o
    0x080013aa   0x080013aa   0x00000002   PAD
    0x080013ac   0x080013ac   0x0000004e   Code   RO           38    .text.MX_FREERTOS_Init  freertos.o
    0x080013fa   0x080013fa   0x00000002   PAD
    0x080013fc   0x080013fc   0x00000038   Code   RO           30    .text.MX_GPIO_Init  gpio.o
    0x08001434   0x08001434   0x0000003c   Code   RO           56    .text.MX_USART1_UART_Init  usart.o
    0x08001470   0x08001470   0x00000002   Code   RO           75    .text.MemManage_Handler  stm32f4xx_it.o
    0x08001472   0x08001472   0x00000002   PAD
    0x08001474   0x08001474   0x00000002   Code   RO           71    .text.NMI_Handler   stm32f4xx_it.o
    0x08001476   0x08001476   0x0000000a   PAD
    0x08001480   0x08001480   0x00000064   Code   RO         1702    .text.PendSV_Handler  port.o
    0x080014e4   0x080014e4   0x0000000c   PAD
    0x080014f0   0x080014f0   0x00000024   Code   RO         1686    .text.SVC_Handler   port.o
    0x08001514   0x08001514   0x00000008   Code   RO           40    .text.StartDefaultTask  freertos.o
    0x0800151c   0x0800151c   0x00000018   Code   RO           42    .text.StartTask02   freertos.o
    0x08001534   0x08001534   0x0000001e   Code   RO         1497    .text.SysTick_Handler  cmsis_os2.o
    0x08001552   0x08001552   0x00000002   PAD
    0x08001554   0x08001554   0x000000a8   Code   RO           13    .text.SystemClock_Config  main.o
    0x080015fc   0x080015fc   0x00000012   Code   RO         1034    .text.SystemInit    system_stm32f4xx.o
    0x0800160e   0x0800160e   0x00000002   PAD
    0x08001610   0x08001610   0x0000000c   Code   RO           83    .text.TIM6_DAC_IRQHandler  stm32f4xx_it.o
    0x0800161c   0x0800161c   0x0000013a   Code   RO          212    .text.TIM_Base_SetConfig  stm32f4xx_hal_tim.o
    0x08001756   0x08001756   0x00000002   PAD
    0x08001758   0x08001758   0x000000e6   Code   RO          916    .text.UART_SetConfig  stm32f4xx_hal_uart.o
    0x0800183e   0x0800183e   0x00000002   PAD
    0x08001840   0x08001840   0x00000002   Code   RO           79    .text.UsageFault_Handler  stm32f4xx_it.o
    0x08001842   0x08001842   0x00000002   PAD
    0x08001844   0x08001844   0x00000024   Code   RO           17    .text.fputc         main.o
    0x08001868   0x08001868   0x00000722   Code   RO         1069    .text.lcd_ex_ili9341_reginit  lcd.o
    0x08001f8a   0x08001f8a   0x00000002   PAD
    0x08001f8c   0x08001f8c   0x00000a70   Code   RO         1079    .text.lcd_ex_ili9806_reginit  lcd.o
    0x080029fc   0x080029fc   0x00002f22   Code   RO         1071    .text.lcd_ex_nt35310_reginit  lcd.o
    0x0800591e   0x0800591e   0x00000002   PAD
    0x08005920   0x08005920   0x00000e42   Code   RO         1075    .text.lcd_ex_nt35510_reginit  lcd.o
    0x08006762   0x08006762   0x00000002   PAD
    0x08006764   0x08006764   0x0000046a   Code   RO         1081    .text.lcd_ex_ssd1963_reginit  lcd.o
    0x08006bce   0x08006bce   0x00000002   PAD
    0x08006bd0   0x08006bd0   0x0000057c   Code   RO         1063    .text.lcd_ex_st7789_reginit  lcd.o
    0x0800714c   0x0800714c   0x000005da   Code   RO         1073    .text.lcd_ex_st7796_reginit  lcd.o
    0x08007726   0x08007726   0x00000002   PAD
    0x08007728   0x08007728   0x00000630   Code   RO         1105    .text.lcd_init      lcd.o
    0x08007d58   0x08007d58   0x00000300   Code   RO         1093    .text.lcd_scan_dir  lcd.o
    0x08008058   0x08008058   0x0000028a   Code   RO         1087    .text.lcd_set_cursor  lcd.o
    0x080082e2   0x080082e2   0x00000002   PAD
    0x080082e4   0x080082e4   0x00000022   Code   RO           11    .text.main          main.o
    0x08008306   0x08008306   0x00000002   PAD
    0x08008308   0x08008308   0x00000022   Code   RO         1557    .text.osDelay       cmsis_os2.o
    0x0800832a   0x0800832a   0x00000002   PAD
    0x0800832c   0x0800832c   0x00000028   Code   RO         1499    .text.osKernelInitialize  cmsis_os2.o
    0x08008354   0x08008354   0x0000003c   Code   RO         1505    .text.osKernelStart  cmsis_os2.o
    0x08008390   0x08008390   0x00000092   Code   RO         1607    .text.osMessageQueueNew  cmsis_os2.o
    0x08008422   0x08008422   0x00000002   PAD
    0x08008424   0x08008424   0x00000098   Code   RO         1521    .text.osThreadNew   cmsis_os2.o
    0x080084bc   0x080084bc   0x0000028a   Code   RO         1332    .text.prvAddNewTaskToReadyList  tasks.o
    0x08008746   0x08008746   0x00000002   PAD
    0x08008748   0x08008748   0x00000086   Code   RO         1364    .text.prvIdleTask   tasks.o
    0x080087ce   0x080087ce   0x00000002   PAD
    0x080087d0   0x080087d0   0x00000104   Code   RO         1330    .text.prvInitialiseNewTask  tasks.o
    0x080088d4   0x080088d4   0x00000028   Code   RO         1694    .text.prvPortStartFirstTask  port.o
    0x080088fc   0x080088fc   0x0000003e   Code   RO         1684    .text.prvTaskExitError  port.o
    0x0800893a   0x0800893a   0x00000002   PAD
    0x0800893c   0x0800893c   0x000003aa   Code   RO         1449    .text.prvTimerTask  timers.o
    0x08008ce6   0x08008ce6   0x00000002   PAD
    0x08008ce8   0x08008ce8   0x00000074   Code   RO         1231    .text.prvUnlockQueue  queue.o
    0x08008d5c   0x08008d5c   0x000001e8   Code   RO         1660    .text.pvPortMalloc  heap_4.o
    0x08008f44   0x08008f44   0x00000024   Code   RO         1682    .text.pxPortInitialiseStack  port.o
    0x08008f68   0x08008f68   0x00000022   Code   RO         1195    .text.uxListRemove  list.o
    0x08008f8a   0x08008f8a   0x00000002   PAD
    0x08008f8c   0x08008f8c   0x0000001c   Code   RO         1643    .text.vApplicationGetIdleTaskMemory  cmsis_os2.o
    0x08008fa8   0x08008fa8   0x0000001c   Code   RO         1645    .text.vApplicationGetTimerTaskMemory  cmsis_os2.o
    0x08008fc4   0x08008fc4   0x00000016   Code   RO         1187    .text.vListInitialise  list.o
    0x08008fda   0x08008fda   0x00000002   PAD
    0x08008fdc   0x08008fdc   0x00000006   Code   RO         1189    .text.vListInitialiseItem  list.o
    0x08008fe2   0x08008fe2   0x00000002   PAD
    0x08008fe4   0x08008fe4   0x00000066   Code   RO         1193    .text.vListInsert   list.o
    0x0800904a   0x0800904a   0x00000002   PAD
    0x0800904c   0x0800904c   0x0000001a   Code   RO         1191    .text.vListInsertEnd  list.o
    0x08009066   0x08009066   0x00000002   PAD
    0x08009068   0x08009068   0x00000014   Code   RO         1692    .text.vPortEnableVFP  port.o
    0x0800907c   0x0800907c   0x00000046   Code   RO         1698    .text.vPortEnterCritical  port.o
    0x080090c2   0x080090c2   0x00000002   PAD
    0x080090c4   0x080090c4   0x0000002e   Code   RO         1700    .text.vPortExitCritical  port.o
    0x080090f2   0x080090f2   0x00000002   PAD
    0x080090f4   0x080090f4   0x000000de   Code   RO         1662    .text.vPortFree     heap_4.o
    0x080091d2   0x080091d2   0x00000002   PAD
    0x080091d4   0x080091d4   0x00000034   Code   RO         1690    .text.vPortSetupTimerInterrupt  port.o
    0x08009208   0x08009208   0x00000058   Code   RO         1265    .text.vQueueAddToRegistry  queue.o
    0x08009260   0x08009260   0x00000052   Code   RO         1269    .text.vQueueWaitForMessageRestricted  queue.o
    0x080092b2   0x080092b2   0x00000002   PAD
    0x080092b4   0x080092b4   0x00000084   Code   RO         1344    .text.vTaskDelay    tasks.o
    0x08009338   0x08009338   0x00000012   Code   RO         1394    .text.vTaskInternalSetTimeOutState  tasks.o
    0x0800934a   0x0800934a   0x00000002   PAD
    0x0800934c   0x0800934c   0x0000000e   Code   RO         1398    .text.vTaskMissedYield  tasks.o
    0x0800935a   0x0800935a   0x00000002   PAD
    0x0800935c   0x0800935c   0x0000007c   Code   RO         1382    .text.vTaskPlaceOnEventList  tasks.o
    0x080093d8   0x080093d8   0x0000007e   Code   RO         1386    .text.vTaskPlaceOnEventListRestricted  tasks.o
    0x08009456   0x08009456   0x00000002   PAD
    0x08009458   0x08009458   0x000000f0   Code   RO         1362    .text.vTaskStartScheduler  tasks.o
    0x08009548   0x08009548   0x00000010   Code   RO         1340    .text.vTaskSuspendAll  tasks.o
    0x08009558   0x08009558   0x000000cc   Code   RO         1356    .text.vTaskSwitchContext  tasks.o
    0x08009624   0x08009624   0x000001ba   Code   RO         1688    .text.xPortStartScheduler  port.o
    0x080097de   0x080097de   0x00000002   PAD
    0x080097e0   0x080097e0   0x0000002e   Code   RO         1704    .text.xPortSysTickHandler  port.o
    0x0800980e   0x0800980e   0x00000002   PAD
    0x08009810   0x08009810   0x00000082   Code   RO         1209    .text.xQueueGenericCreate  queue.o
    0x08009892   0x08009892   0x00000002   PAD
    0x08009894   0x08009894   0x000000da   Code   RO         1207    .text.xQueueGenericCreateStatic  queue.o
    0x0800996e   0x0800996e   0x00000002   PAD
    0x08009970   0x08009970   0x000002c8   Code   RO         1221    .text.xQueueGenericSend  queue.o
    0x08009c38   0x08009c38   0x0000024a   Code   RO         1237    .text.xQueueReceive  queue.o
    0x08009e82   0x08009e82   0x00000002   PAD
    0x08009e84   0x08009e84   0x0000009e   Code   RO         1396    .text.xTaskCheckForTimeOut  tasks.o
    0x08009f22   0x08009f22   0x00000002   PAD
    0x08009f24   0x08009f24   0x00000060   Code   RO         1334    .text.xTaskCreate   tasks.o
    0x08009f84   0x08009f84   0x00000076   Code   RO         1328    .text.xTaskCreateStatic  tasks.o
    0x08009ffa   0x08009ffa   0x00000002   PAD
    0x08009ffc   0x08009ffc   0x0000001e   Code   RO         1410    .text.xTaskGetSchedulerState  tasks.o
    0x0800a01a   0x0800a01a   0x00000002   PAD
    0x0800a01c   0x0800a01c   0x00000018   Code   RO         1370    .text.xTaskGetTickCount  tasks.o
    0x0800a034   0x0800a034   0x00000102   Code   RO         1368    .text.xTaskIncrementTick  tasks.o
    0x0800a136   0x0800a136   0x00000002   PAD
    0x0800a138   0x0800a138   0x0000008e   Code   RO         1414    .text.xTaskPriorityDisinherit  tasks.o
    0x0800a1c6   0x0800a1c6   0x00000002   PAD
    0x0800a1c8   0x0800a1c8   0x00000072   Code   RO         1388    .text.xTaskRemoveFromEventList  tasks.o
    0x0800a23a   0x0800a23a   0x00000002   PAD
    0x0800a23c   0x0800a23c   0x000000f2   Code   RO         1342    .text.xTaskResumeAll  tasks.o
    0x0800a32e   0x0800a32e   0x00000002   PAD
    0x0800a330   0x0800a330   0x000000b4   Code   RO         1447    .text.xTimerCreateTimerTask  timers.o
    0x0800a3e4   0x0800a3e4   0x00000020   Code   RO         3930    i.__0printf$5       mc_w.l(printf5.o)
    0x0800a404   0x0800a404   0x0000000e   Code   RO         4205    i.__scatterload_copy  mc_w.l(handlers.o)
    0x0800a412   0x0800a412   0x00000002   Code   RO         4206    i.__scatterload_null  mc_w.l(handlers.o)
    0x0800a414   0x0800a414   0x0000000e   Code   RO         4207    i.__scatterload_zeroinit  mc_w.l(handlers.o)
    0x0800a422   0x0800a422   0x00000002   PAD
    0x0800a424   0x0800a424   0x000002c0   Code   RO         3937    i._printf_core      mc_w.l(printf5.o)
    0x0800a6e4   0x0800a6e4   0x00000024   Code   RO         3783    i.puts              mc_w.l(puts.o)
    0x0800a708   0x0800a708   0x0000000e   Data   RO         1140    .rodata..Lswitch.table.lcd_scan_dir.1  lcd.o
    0x0800a716   0x0800a716   0x00000010   Data   RO         1039    .rodata.AHBPrescTable  system_stm32f4xx.o
    0x0800a726   0x0800a726   0x00000008   Data   RO         1040    .rodata.APBPrescTable  system_stm32f4xx.o
    0x0800a72e   0x0800a72e   0x00000002   PAD
    0x0800a730   0x0800a730   0x00000024   Data   RO           45    .rodata.defaultTask_attributes  freertos.o
    0x0800a754   0x0800a754   0x00000018   Data   RO           47    .rodata.sendQueue01_attributes  freertos.o
    0x0800a76c   0x0800a76c   0x00000024   Data   RO           46    .rodata.sendTask02_attributes  freertos.o
    0x0800a790   0x0800a790   0x00000023   Data   RO           44    .rodata.str1.1      freertos.o
    0x0800a7b3   0x0800a7b3   0x00000005   Data   RO         1487    .rodata.str1.1      timers.o
    0x0800a7b8   0x0800a7b8   0x00000020   Data   RO         4204    Region$$Table       anon$$obj.o


    Execution Region RW_IRAM1 (Exec base: 0x20000000, Load base: 0x0800a7d8, Size: 0x00007068, Max: 0x0001c000, ABSOLUTE)

    Exec Addr    Load Addr    Size         Type   Attr      Idx    E Section Name        Object

    0x20000000   0x0800a7d8   0x00000004   Data   RW         4153    .data               mc_w.l(stdout.o)
    0x20000004   0x0800a7dc   0x00000008   Data   RW          877    .data..L_MergedGlobals  stm32f4xx_hal.o
    0x2000000c   0x0800a7e4   0x00000004   Data   RW         1038    .data.SystemCoreClock  system_stm32f4xx.o
    0x20000010   0x0800a7e8   0x00000004   Data   RW         1708    .data.uxCriticalNesting  port.o
    0x20000014   0x0800a7ec   0x00000004   PAD
    0x20000018        -       0x0000000c   Zero   RW           48    .bss..L_MergedGlobals  freertos.o
    0x20000024        -       0x00000064   Zero   RW         1141    .bss..L_MergedGlobals  lcd.o
    0x20000088        -       0x00000074   Zero   RW         1437    .bss..L_MergedGlobals  tasks.o
    0x200000fc        -       0x0000003c   Zero   RW         1488    .bss..L_MergedGlobals  timers.o
    0x20000138        -       0x00000020   Zero   RW         1673    .bss..L_MergedGlobals  heap_4.o
    0x20000158        -       0x00000008   Zero   RW         1709    .bss..L_MergedGlobals  port.o
    0x20000160        -       0x00000028   Zero   RW         1438    .bss..L_MergedGlobals.2  tasks.o
    0x20000188        -       0x00000004   Zero   RW         1647    .bss.KernelState    cmsis_os2.o
    0x2000018c        -       0x00000048   Zero   RW          107    .bss.htim6          stm32f4xx_hal_timebase_tim.o
    0x200001d4        -       0x00000048   Zero   RW           62    .bss.huart1         usart.o
    0x2000021c        -       0x000000a0   Zero   RW         1486    .bss.prvCheckForValidListAndQueue.ucStaticTimerQueueStorage  timers.o
    0x200002bc        -       0x00000050   Zero   RW         1485    .bss.prvCheckForValidListAndQueue.xStaticTimerQueue  timers.o
    0x2000030c        -       0x00000460   Zero   RW         1436    .bss.pxReadyTasksLists  tasks.o
    0x2000076c        -       0x00003c00   Zero   RW         1672    .bss.ucHeap         heap_4.o
    0x2000436c        -       0x00000004   Zero   RW          876    .bss.uwTick         stm32f4xx_hal.o
    0x20004370        -       0x00000400   Zero   RW         1649    .bss.vApplicationGetIdleTaskMemory.Idle_Stack  cmsis_os2.o
    0x20004770        -       0x0000005c   Zero   RW         1648    .bss.vApplicationGetIdleTaskMemory.Idle_TCB  cmsis_os2.o
    0x200047cc        -       0x00000800   Zero   RW         1651    .bss.vApplicationGetTimerTaskMemory.Timer_Stack  cmsis_os2.o
    0x20004fcc        -       0x0000005c   Zero   RW         1650    .bss.vApplicationGetTimerTaskMemory.Timer_TCB  cmsis_os2.o
    0x20005028        -       0x00000040   Zero   RW         1271    .bss.xQueueRegistry  queue.o
    0x20005068        -       0x00002000   Zero   RW            1    STACK               startup_stm32f407xx.o


    Execution Region RW_IRAM2 (Exec base: 0x2001c000, Load base: 0x0800a7f0, Size: 0x00000000, Max: 0x00004000, ABSOLUTE)

    **** No section assigned to this execution region ****


==============================================================================

Image component sizes


      Code (inc. data)   RO Data    RW Data    ZI Data      Debug   Object Name

       518          0          0          0       3260      43220   cmsis_os2.o
       110          4        131          0         12       3330   freertos.o
        56          0          0          0          0       1400   gpio.o
       710          0          0          0      15392       5892   heap_4.o
     27380         28         14          0        100     125410   lcd.o
       190          0          0          0          0       2314   list.o
       264          0          0          0          0       6891   main.o
       950         16          0          4          8       4555   port.o
      1932          0          0          0         64      30932   queue.o
        36          8        392          0       8192        808   startup_stm32f407xx.o
       132          0          0          8          4       7278   stm32f4xx_hal.o
       152          0          0          0          0      10696   stm32f4xx_hal_cortex.o
       424          0          0          0          0       5406   stm32f4xx_hal_gpio.o
        66          0          0          0          0       3501   stm32f4xx_hal_msp.o
      1546          4          0          0          0       7605   stm32f4xx_hal_rcc.o
        92          0          0          0          0      13152   stm32f4xx_hal_sram.o
       918          0          0          0          0      58457   stm32f4xx_hal_tim.o
         4          0          0          0          0      21904   stm32f4xx_hal_tim_ex.o
       178          0          0          0         72       7225   stm32f4xx_hal_timebase_tim.o
       728          0          0          0          0      32772   stm32f4xx_hal_uart.o
        24          0          0          0          0       4138   stm32f4xx_it.o
       274          0          0          0          0       7596   stm32f4xx_ll_fsmc.o
        18          0         24          4          0       2567   system_stm32f4xx.o
      3100          8          0          0       1276      44550   tasks.o
      1118         20          5          0        300      16575   timers.o
       178          0          0          0         72       5025   usart.o

    ----------------------------------------------------------------------
     41264        100        600         16      28756     473199   Object Totals
         0          0         32          0          0          0   (incl. Generated)
       166         12          2          0          4          0   (incl. Padding)

    ----------------------------------------------------------------------

      Code (inc. data)   RO Data    RW Data    ZI Data      Debug   Library Member Name

         0          0          0          0          0          0   entry.o
         0          0          0          0          0          0   entry10a.o
         0          0          0          0          0          0   entry11a.o
         8          4          0          0          0          0   entry2.o
         4          0          0          0          0          0   entry5.o
         0          0          0          0          0          0   entry7b.o
         0          0          0          0          0          0   entry8b.o
         8          4          0          0          0          0   entry9a.o
        30          0          0          0          0          0   handlers.o
        48         10          0          0          0         68   init.o
        30          0          0          0          0         68   llshl.o
        32          0          0          0          0         68   llushr.o
        36          0          0          0          0         68   memcpya.o
        36          0          0          0          0        108   memseta.o
       736         56          0          0          0        184   printf5.o
        36          6          0          0          0         80   puts.o
         0          0          0          4          0          0   stdout.o
        98          0          0          0          0         92   uldiv.o

    ----------------------------------------------------------------------
      1104         80          0          4          0        736   Library Totals
         2          0          0          0          0          0   (incl. Padding)

    ----------------------------------------------------------------------

      Code (inc. data)   RO Data    RW Data    ZI Data      Debug   Library Name

      1102         80          0          4          0        736   mc_w.l

    ----------------------------------------------------------------------
      1104         80          0          4          0        736   Library Totals

    ----------------------------------------------------------------------

==============================================================================


      Code (inc. data)   RO Data    RW Data    ZI Data      Debug   

     42368        180        600         20      28756     473347   Grand Totals
     42368        180        600         20      28756     473347   ELF Image Totals
     42368        180        600         20          0          0   ROM Totals

==============================================================================

    Total RO  Size (Code + RO Data)                42968 (  41.96kB)
    Total RW  Size (RW Data + ZI Data)             28776 (  28.10kB)
    Total ROM Size (Code + RO Data + RW Data)      42988 (  41.98kB)

==============================================================================

