<html>
<body>
<pre>
<h1>µVision Build Log</h1>
<h2>Tool Versions:</h2>
IDE-Version: ¦ÌVision V5.42.0.0
Copyright (C) 2025 ARM Ltd and ARM Germany GmbH. All rights reserved.
License Information: PF Liu, NJU, LIC=X1E4T-R3NFG-353TX-HYQ2N-M33TL-7ZMCX
 
Tool Versions:
Toolchain:       MDK-ARM Professional  Version: 5.42.0.0
Toolchain Path:  C:\Keil_v5\ARM\ARMCLANG\Bin
C Compiler:      ArmClang.exe V6.23
Assembler:       Armasm.exe V6.23
Linker/Locator:  ArmLink.exe V6.23
Library Manager: ArmAr.exe V6.23
Hex Converter:   FromElf.exe V6.23
CPU DLL:         SARMCM3.DLL V5.42.0.0
Dialog DLL:      DCM.DLL V1.17.5.0
Target DLL:      STLink\ST-LINKIII-KEIL_SWO.dll V3.3.0.0
Dialog DLL:      TCM.DLL V1.56.6.0
 
<h2>Project:</h2>
D:\NUEDC\2021E\MDK-ARM\2021E.uvprojx
Project File Date:  07/14/2025

<h2>Output:</h2>
*** Using Compiler 'V6.23', folder: 'C:\Keil_v5\ARM\ARMCLANG\Bin'
Rebuild target '2021E'
compiling stm32f4xx_hal_rcc_ex.c...
compiling usart.c...
compiling stm32f4xx_hal_flash_ex.c...
compiling gpio.c...
assembling startup_stm32f407xx.s...
compiling stm32f4xx_hal_flash_ramfunc.c...
compiling stm32f4xx_it.c...
compiling stm32f4xx_hal_msp.c...
compiling main.c...
compiling stm32f4xx_hal_flash.c...
compiling stm32f4xx_hal_gpio.c...
compiling stm32f4xx_hal_rcc.c...
compiling stm32f4xx_hal_dma_ex.c...
compiling stm32f4xx_hal_pwr.c...
compiling stm32f4xx_hal_dma.c...
compiling stm32f4xx_hal_pwr_ex.c...
compiling stm32f4xx_hal.c...
compiling stm32f4xx_hal_exti.c...
compiling stm32f4xx_hal_cortex.c...
compiling system_stm32f4xx.c...
compiling stm32f4xx_ll_fsmc.c...
compiling stm32f4xx_hal_sram.c...
compiling AD_DA.c...
compiling BayesFunctions.c...
compiling stm32f4xx_hal_uart.c...
compiling BasicMathFunctionsF16.c...
compiling BayesFunctionsF16.c...
compiling ComplexMathFunctionsF16.c...
compiling ControllerFunctions.c...
compiling DistanceFunctionsF16.c...
compiling FastMathFunctionsF16.c...
compiling CommonTablesF16.c...
compiling ComplexMathFunctions.c...
compiling FilteringFunctionsF16.c...
compiling InterpolationFunctionsF16.c...
compiling InterpolationFunctions.c...
compiling BasicMathFunctions.c...
compiling FastMathFunctions.c...
compiling QuaternionMathFunctions.c...
compiling SVMFunctionsF16.c...
compiling SVMFunctions.c...
compiling DistanceFunctions.c...
compiling StatisticsFunctionsF16.c...
compiling SupportFunctionsF16.c...
compiling lcd.c...
compiling MatrixFunctionsF16.c...
compiling CommonTables.c...
compiling SupportFunctions.c...
compiling TransformFunctionsF16.c...
compiling StatisticsFunctions.c...
compiling WindowFunctions.c...
compiling TransformFunctions.c...
compiling MatrixFunctions.c...
compiling FilteringFunctions.c...
linking...
Program Size: Code=32488 RO-data=464 RW-data=16 ZI-data=8368  
FromELF: creating hex file...
"2021E\2021E.axf" - 0 Error(s), 0 Warning(s).

<h2>Software Packages used:</h2>

Package Vendor: ARM
                https://www.keil.com/pack/ARM.CMSIS.6.1.0.pack
                ARM::CMSIS@6.1.0
                CMSIS (Common Microcontroller Software Interface Standard)
   * Component: CORE Version: 6.1.0

Package Vendor: ARM
                https://www.keil.com/pack/ARM.CMSIS-DSP.1.16.2.pack
                ARM::CMSIS-DSP@1.16.2
                CMSIS Embedded Compute Library
   * Component: DSP Variant: Source Version: 1.16.2

Package Vendor: Keil
                https://www.keil.com/pack/Keil.STM32F4xx_DFP.3.0.0.pack
                Keil::STM32F4xx_DFP@3.0.0
                STMicroelectronics STM32F4 Series Device Support

<h2>Collection of Component include folders:</h2>
  ./RTE/_2021E
  C:/Users/Liu PF/AppData/Local/Arm/Packs/ARM/CMSIS-DSP/1.16.2/Include
  C:/Users/Liu PF/AppData/Local/Arm/Packs/ARM/CMSIS-DSP/1.16.2/PrivateInclude
  C:/Users/Liu PF/AppData/Local/Arm/Packs/ARM/CMSIS/6.1.0/CMSIS/Core/Include

<h2>Collection of Component Files used:</h2>

   * Component: ARM::CMSIS:CORE@6.1.0
      Include file:  CMSIS/Core/Include/tz_context.h

   * Component: ARM::CMSIS:DSP&Source@1.16.2
      Include file:  Include/arm_math_f16.h
      Source file:   Source/WindowFunctions/WindowFunctions.c
      Source file:   Source/ComplexMathFunctions/ComplexMathFunctions.c
      Source file:   Source/BasicMathFunctions/BasicMathFunctionsF16.c
      Source file:   Source/BasicMathFunctions/BasicMathFunctions.c
      Source file:   Source/BayesFunctions/BayesFunctions.c
      Source file:   Source/ControllerFunctions/ControllerFunctions.c
      Source file:   Source/QuaternionMathFunctions/QuaternionMathFunctions.c
      Source file:   Source/DistanceFunctions/DistanceFunctions.c
      Source file:   Source/FilteringFunctions/FilteringFunctions.c
      Source file:   Source/MatrixFunctions/MatrixFunctions.c
      Include file:  Include/arm_const_structs_f16.h
      Source file:   Source/StatisticsFunctions/StatisticsFunctions.c
      Include file:  Include/arm_math.h
      Source file:   Source/SupportFunctions/SupportFunctions.c
      Source file:   Source/SVMFunctions/SVMFunctions.c
      Source file:   Source/TransformFunctions/TransformFunctions.c
      Include file:  Include/arm_common_tables.h
      Include file:  Include/arm_common_tables_f16.h
      Source file:   Source/CommonTables/CommonTables.c
      Source file:   Source/FastMathFunctions/FastMathFunctions.c
      Include file:  Include/arm_const_structs.h
      Source file:   Source/InterpolationFunctions/InterpolationFunctions.c
      Source file:   Source/MatrixFunctions/MatrixFunctionsF16.c
      Source file:   Source/TransformFunctions/TransformFunctionsF16.c
      Source file:   Source/FastMathFunctions/FastMathFunctionsF16.c
      Source file:   Source/FilteringFunctions/FilteringFunctionsF16.c
      Source file:   Source/SVMFunctions/SVMFunctionsF16.c
      Source file:   Source/InterpolationFunctions/InterpolationFunctionsF16.c
      Source file:   Source/DistanceFunctions/DistanceFunctionsF16.c
      Source file:   Source/StatisticsFunctions/StatisticsFunctionsF16.c
      Source file:   Source/BayesFunctions/BayesFunctionsF16.c
      Source file:   Source/SupportFunctions/SupportFunctionsF16.c
      Source file:   Source/ComplexMathFunctions/ComplexMathFunctionsF16.c
      Source file:   Source/CommonTables/CommonTablesF16.c
Build Time Elapsed:  00:00:04
</pre>
</body>
</html>
